This is pdfTeX, Version 3.141592653-2.6-1.40.27 (TeX Live 2025/Homebrew) (preloaded format=pdflatex 2025.3.15)  15 SEP 2025 16:35
entering extended mode
 restricted \write18 enabled.
 %&-line parsing enabled.
**/Users/amine/Documents/selfbalancingbicyle/Masterthesis/seminar_vorlage.tex
(/Users/amine/Documents/selfbalancingbicyle/Masterthesis/seminar_vorlage.tex
LaTeX2e <2024-11-01> patch level 2
L3 programming layer <2025-01-18>
(/opt/homebrew/Cellar/texlive/20250308_1/share/texmf-dist/tex/latex/base/article.cls
Document Class: article 2024/06/29 v1.4n Standard LaTeX document class
(/opt/homebrew/Cellar/texlive/20250308_1/share/texmf-dist/tex/latex/base/size11.clo
File: size11.clo 2024/06/29 v1.4n Standard LaTeX file (size option)
)
\c@part=\count196
\c@section=\count197
\c@subsection=\count198
\c@subsubsection=\count199
\c@paragraph=\count266
\c@subparagraph=\count267
\c@figure=\count268
\c@table=\count269
\abovecaptionskip=\skip49
\belowcaptionskip=\skip50
\bibindent=\dimen141
) (/opt/homebrew/Cellar/texlive/20250308_1/share/texmf-dist/tex/latex/graphics/epsfig.sty
Package: epsfig 2024/01/14 v1.7b (e)psfig emulation (SPQR)
 (/opt/homebrew/Cellar/texlive/20250308_1/share/texmf-dist/tex/latex/graphics/graphicx.sty
Package: graphicx 2021/09/16 v1.2d Enhanced LaTeX Graphics (DPC,SPQR)
 (/opt/homebrew/Cellar/texlive/20250308_1/share/texmf-dist/tex/latex/graphics/keyval.sty
Package: keyval 2022/05/29 v1.15 key=value parser (DPC)
\KV@toks@=\toks17
) (/opt/homebrew/Cellar/texlive/20250308_1/share/texmf-dist/tex/latex/graphics/graphics.sty
Package: graphics 2024/08/06 v1.4g Standard LaTeX Graphics (DPC,SPQR)
 (/opt/homebrew/Cellar/texlive/20250308_1/share/texmf-dist/tex/latex/graphics/trig.sty
Package: trig 2023/12/02 v1.11 sin cos tan (DPC)
) (/opt/homebrew/Cellar/texlive/20250308_1/share/texmf-dist/tex/latex/graphics-cfg/graphics.cfg
File: graphics.cfg 2016/06/04 v1.11 sample graphics configuration
)
Package graphics Info: Driver file: pdftex.def on input line 106.
 (/opt/homebrew/Cellar/texlive/20250308_1/share/texmf-dist/tex/latex/graphics-def/pdftex.def
File: pdftex.def 2024/04/13 v1.2c Graphics/color driver for pdftex
))
\Gin@req@height=\dimen142
\Gin@req@width=\dimen143
)
\epsfxsize=\dimen144
\epsfysize=\dimen145
) (/opt/homebrew/Cellar/texlive/20250308_1/share/texmf-dist/tex/latex/base/inputenc.sty
Package: inputenc 2024/02/08 v1.3d Input encoding file
\inpenc@prehook=\toks18
\inpenc@posthook=\toks19
) (/opt/homebrew/Cellar/texlive/20250308_1/share/texmf-dist/tex/latex/csquotes/csquotes.sty
Package: csquotes 2024-04-04 v5.2o context-sensitive quotations (JAW)
 (/opt/homebrew/Cellar/texlive/20250308_1/share/texmf-dist/tex/latex/etoolbox/etoolbox.sty
Package: etoolbox 2025/02/11 v2.5l e-TeX tools for LaTeX (JAW)
\etb@tempcnta=\count270
)
\csq@reset=\count271
\csq@gtype=\count272
\csq@glevel=\count273
\csq@qlevel=\count274
\csq@maxlvl=\count275
\csq@tshold=\count276
\csq@ltx@everypar=\toks20
 (/opt/homebrew/Cellar/texlive/20250308_1/share/texmf-dist/tex/latex/csquotes/csquotes.def
File: csquotes.def 2024-04-04 v5.2o csquotes generic definitions (JAW)
)
Package csquotes Info: Trying to load configuration file 'csquotes.cfg'...
Package csquotes Info: ... configuration file loaded successfully.
 (/opt/homebrew/Cellar/texlive/20250308_1/share/texmf-dist/tex/latex/csquotes/csquotes.cfg
File: csquotes.cfg 
)) (/opt/homebrew/Cellar/texlive/20250308_1/share/texmf-dist/tex/latex/wrapfig/wrapfig.sty
\wrapoverhang=\dimen146
\WF@size=\dimen147
\c@WF@wrappedlines=\count277
\WF@box=\box52
\WF@everypar=\toks21
Package: wrapfig 2003/01/31  v 3.6
) (/opt/homebrew/Cellar/texlive/20250308_1/share/texmf-dist/tex/latex/amsmath/amsmath.sty
Package: amsmath 2024/11/05 v2.17t AMS math features
\@mathmargin=\skip51

For additional information on amsmath, use the `?' option.
(/opt/homebrew/Cellar/texlive/20250308_1/share/texmf-dist/tex/latex/amsmath/amstext.sty
Package: amstext 2021/08/26 v2.01 AMS text
 (/opt/homebrew/Cellar/texlive/20250308_1/share/texmf-dist/tex/latex/amsmath/amsgen.sty
File: amsgen.sty 1999/11/30 v2.0 generic functions
\@emptytoks=\toks22
\ex@=\dimen148
)) (/opt/homebrew/Cellar/texlive/20250308_1/share/texmf-dist/tex/latex/amsmath/amsbsy.sty
Package: amsbsy 1999/11/29 v1.2d Bold Symbols
\pmbraise@=\dimen149
) (/opt/homebrew/Cellar/texlive/20250308_1/share/texmf-dist/tex/latex/amsmath/amsopn.sty
Package: amsopn 2022/04/08 v2.04 operator names
)
\inf@bad=\count278
LaTeX Info: Redefining \frac on input line 233.
\uproot@=\count279
\leftroot@=\count280
LaTeX Info: Redefining \overline on input line 398.
LaTeX Info: Redefining \colon on input line 409.
\classnum@=\count281
\DOTSCASE@=\count282
LaTeX Info: Redefining \ldots on input line 495.
LaTeX Info: Redefining \dots on input line 498.
LaTeX Info: Redefining \cdots on input line 619.
\Mathstrutbox@=\box53
\strutbox@=\box54
LaTeX Info: Redefining \big on input line 721.
LaTeX Info: Redefining \Big on input line 722.
LaTeX Info: Redefining \bigg on input line 723.
LaTeX Info: Redefining \Bigg on input line 724.
\big@size=\dimen150
LaTeX Font Info:    Redeclaring font encoding OML on input line 742.
LaTeX Font Info:    Redeclaring font encoding OMS on input line 743.
\macc@depth=\count283
LaTeX Info: Redefining \bmod on input line 904.
LaTeX Info: Redefining \pmod on input line 909.
LaTeX Info: Redefining \smash on input line 939.
LaTeX Info: Redefining \relbar on input line 969.
LaTeX Info: Redefining \Relbar on input line 970.
\c@MaxMatrixCols=\count284
\dotsspace@=\muskip17
\c@parentequation=\count285
\dspbrk@lvl=\count286
\tag@help=\toks23
\row@=\count287
\column@=\count288
\maxfields@=\count289
\andhelp@=\toks24
\eqnshift@=\dimen151
\alignsep@=\dimen152
\tagshift@=\dimen153
\tagwidth@=\dimen154
\totwidth@=\dimen155
\lineht@=\dimen156
\@envbody=\toks25
\multlinegap=\skip52
\multlinetaggap=\skip53
\mathdisplay@stack=\toks26
LaTeX Info: Redefining \[ on input line 2953.
LaTeX Info: Redefining \] on input line 2954.
) (/opt/homebrew/Cellar/texlive/20250308_1/share/texmf-dist/tex/latex/url/url.sty
\Urlmuskip=\muskip18
Package: url 2013/09/16  ver 3.4  Verb mode for urls, etc.
) (/opt/homebrew/Cellar/texlive/20250308_1/share/texmf-dist/tex/latex/hyperref/hyperref.sty
Package: hyperref 2024-11-05 v7.01l Hypertext links for LaTeX
 (/opt/homebrew/Cellar/texlive/20250308_1/share/texmf-dist/tex/generic/iftex/iftex.sty
Package: iftex 2024/12/12 v1.0g TeX engine tests
) (/opt/homebrew/Cellar/texlive/20250308_1/share/texmf-dist/tex/latex/kvsetkeys/kvsetkeys.sty
Package: kvsetkeys 2022-10-05 v1.19 Key value parser (HO)
) (/opt/homebrew/Cellar/texlive/20250308_1/share/texmf-dist/tex/generic/kvdefinekeys/kvdefinekeys.sty
Package: kvdefinekeys 2019-12-19 v1.6 Define keys (HO)
) (/opt/homebrew/Cellar/texlive/20250308_1/share/texmf-dist/tex/generic/pdfescape/pdfescape.sty
Package: pdfescape 2019/12/09 v1.15 Implements pdfTeX's escape features (HO)
 (/opt/homebrew/Cellar/texlive/20250308_1/share/texmf-dist/tex/generic/ltxcmds/ltxcmds.sty
Package: ltxcmds 2023-12-04 v1.26 LaTeX kernel commands for general use (HO)
) (/opt/homebrew/Cellar/texlive/20250308_1/share/texmf-dist/tex/generic/pdftexcmds/pdftexcmds.sty
Package: pdftexcmds 2020-06-27 v0.33 Utility functions of pdfTeX for LuaTeX (HO)
 (/opt/homebrew/Cellar/texlive/20250308_1/share/texmf-dist/tex/generic/infwarerr/infwarerr.sty
Package: infwarerr 2019/12/03 v1.5 Providing info/warning/error messages (HO)
)
Package pdftexcmds Info: \pdf@primitive is available.
Package pdftexcmds Info: \pdf@ifprimitive is available.
Package pdftexcmds Info: \pdfdraftmode found.
)) (/opt/homebrew/Cellar/texlive/20250308_1/share/texmf-dist/tex/latex/hycolor/hycolor.sty
Package: hycolor 2020-01-27 v1.10 Color options for hyperref/bookmark (HO)
) (/opt/homebrew/Cellar/texlive/20250308_1/share/texmf-dist/tex/latex/hyperref/nameref.sty
Package: nameref 2023-11-26 v2.56 Cross-referencing by name of section
 (/opt/homebrew/Cellar/texlive/20250308_1/share/texmf-dist/tex/latex/refcount/refcount.sty
Package: refcount 2019/12/15 v3.6 Data extraction from label references (HO)
) (/opt/homebrew/Cellar/texlive/20250308_1/share/texmf-dist/tex/generic/gettitlestring/gettitlestring.sty
Package: gettitlestring 2019/12/15 v1.6 Cleanup title references (HO)
 (/opt/homebrew/Cellar/texlive/20250308_1/share/texmf-dist/tex/latex/kvoptions/kvoptions.sty
Package: kvoptions 2022-06-15 v3.15 Key value format for package options (HO)
))
\c@section@level=\count290
) (/opt/homebrew/Cellar/texlive/20250308_1/share/texmf-dist/tex/generic/stringenc/stringenc.sty
Package: stringenc 2019/11/29 v1.12 Convert strings between diff. encodings (HO)
)
\@linkdim=\dimen157
\Hy@linkcounter=\count291
\Hy@pagecounter=\count292
 (/opt/homebrew/Cellar/texlive/20250308_1/share/texmf-dist/tex/latex/hyperref/pd1enc.def
File: pd1enc.def 2024-11-05 v7.01l Hyperref: PDFDocEncoding definition (HO)
Now handling font encoding PD1 ...
... no UTF-8 mapping file for font encoding PD1
) (/opt/homebrew/Cellar/texlive/20250308_1/share/texmf-dist/tex/generic/intcalc/intcalc.sty
Package: intcalc 2019/12/15 v1.3 Expandable calculations with integers (HO)
)
\Hy@SavedSpaceFactor=\count293
 (/opt/homebrew/Cellar/texlive/20250308_1/share/texmf-dist/tex/latex/hyperref/puenc.def
File: puenc.def 2024-11-05 v7.01l Hyperref: PDF Unicode definition (HO)
Now handling font encoding PU ...
... no UTF-8 mapping file for font encoding PU
)
Package hyperref Info: Option `colorlinks' set `true' on input line 4040.
Package hyperref Info: Hyper figures OFF on input line 4157.
Package hyperref Info: Link nesting OFF on input line 4162.
Package hyperref Info: Hyper index ON on input line 4165.
Package hyperref Info: Plain pages OFF on input line 4172.
Package hyperref Info: Backreferencing OFF on input line 4177.
Package hyperref Info: Implicit mode ON; LaTeX internals redefined.
Package hyperref Info: Bookmarks ON on input line 4424.
\c@Hy@tempcnt=\count294
LaTeX Info: Redefining \url on input line 4763.
\XeTeXLinkMargin=\dimen158
 (/opt/homebrew/Cellar/texlive/20250308_1/share/texmf-dist/tex/generic/bitset/bitset.sty
Package: bitset 2019/12/09 v1.3 Handle bit-vector datatype (HO)
 (/opt/homebrew/Cellar/texlive/20250308_1/share/texmf-dist/tex/generic/bigintcalc/bigintcalc.sty
Package: bigintcalc 2019/12/15 v1.5 Expandable calculations on big integers (HO)
))
\Fld@menulength=\count295
\Field@Width=\dimen159
\Fld@charsize=\dimen160
Package hyperref Info: Hyper figures OFF on input line 6042.
Package hyperref Info: Link nesting OFF on input line 6047.
Package hyperref Info: Hyper index ON on input line 6050.
Package hyperref Info: backreferencing OFF on input line 6057.
Package hyperref Info: Link coloring ON on input line 6060.
Package hyperref Info: Link coloring with OCG OFF on input line 6067.
Package hyperref Info: PDF/A mode OFF on input line 6072.
 (/opt/homebrew/Cellar/texlive/20250308_1/share/texmf-dist/tex/latex/base/atbegshi-ltx.sty
Package: atbegshi-ltx 2021/01/10 v1.0c Emulation of the original atbegshi
package with kernel methods
)
\Hy@abspage=\count296
\c@Item=\count297
\c@Hfootnote=\count298
)
Package hyperref Info: Driver (autodetected): hpdftex.
 (/opt/homebrew/Cellar/texlive/20250308_1/share/texmf-dist/tex/latex/hyperref/hpdftex.def
File: hpdftex.def 2024-11-05 v7.01l Hyperref driver for pdfTeX
 (/opt/homebrew/Cellar/texlive/20250308_1/share/texmf-dist/tex/latex/base/atveryend-ltx.sty
Package: atveryend-ltx 2020/08/19 v1.0a Emulation of the original atveryend package
with kernel methods
)
\Fld@listcount=\count299
\c@bookmark@seq@number=\count300
 (/opt/homebrew/Cellar/texlive/20250308_1/share/texmf-dist/tex/latex/rerunfilecheck/rerunfilecheck.sty
Package: rerunfilecheck 2022-07-10 v1.10 Rerun checks for auxiliary files (HO)
 (/opt/homebrew/Cellar/texlive/20250308_1/share/texmf-dist/tex/generic/uniquecounter/uniquecounter.sty
Package: uniquecounter 2019/12/15 v1.4 Provide unlimited unique counter (HO)
)
Package uniquecounter Info: New unique counter `rerunfilecheck' on input line 285.
)
\Hy@SectionHShift=\skip54
) (/opt/homebrew/Cellar/texlive/20250308_1/share/texmf-dist/tex/latex/tools/multicol.sty
Package: multicol 2024/09/14 v1.9i multicolumn formatting (FMi)
\c@tracingmulticols=\count301
\mult@box=\box55
\multicol@leftmargin=\dimen161
\c@unbalance=\count302
\c@collectmore=\count303
\doublecol@number=\count304
\multicoltolerance=\count305
\multicolpretolerance=\count306
\full@width=\dimen162
\page@free=\dimen163
\premulticols=\dimen164
\postmulticols=\dimen165
\multicolsep=\skip55
\multicolbaselineskip=\skip56
\partial@page=\box56
\last@line=\box57
\mc@boxedresult=\box58
\maxbalancingoverflow=\dimen166
\mult@rightbox=\box59
\mult@grightbox=\box60
\mult@firstbox=\box61
\mult@gfirstbox=\box62
\@tempa=\box63
\@tempa=\box64
\@tempa=\box65
\@tempa=\box66
\@tempa=\box67
\@tempa=\box68
\@tempa=\box69
\@tempa=\box70
\@tempa=\box71
\@tempa=\box72
\@tempa=\box73
\@tempa=\box74
\@tempa=\box75
\@tempa=\box76
\@tempa=\box77
\@tempa=\box78
\@tempa=\box79
\@tempa=\box80
\@tempa=\box81
\@tempa=\box82
\@tempa=\box83
\@tempa=\box84
\@tempa=\box85
\@tempa=\box86
\@tempa=\box87
\@tempa=\box88
\@tempa=\box89
\@tempa=\box90
\@tempa=\box91
\@tempa=\box92
\@tempa=\box93
\@tempa=\box94
\@tempa=\box95
\@tempa=\box96
\@tempa=\box97
\@tempa=\box98
\c@minrows=\count307
\c@columnbadness=\count308
\c@finalcolumnbadness=\count309
\last@try=\dimen167
\multicolovershoot=\dimen168
\multicolundershoot=\dimen169
\mult@nat@firstbox=\box99
\colbreak@box=\box100
\mc@col@check@num=\count310
) (/opt/homebrew/Cellar/texlive/20250308_1/share/texmf-dist/tex/latex/natbib/natbib.sty
Package: natbib 2010/09/13 8.31b (PWD, AO)
\bibhang=\skip57
\bibsep=\skip58
LaTeX Info: Redefining \cite on input line 694.
\c@NAT@ctr=\count311
) (/opt/homebrew/Cellar/texlive/20250308_1/share/texmf-dist/tex/latex/pdfcomment/pdfcomment.sty
Package: pdfcomment 2018/11/01 pdfcomment.sty v2.4a - Josef Kleber (C) 2008-2012, 2015-2016, 2018
 (/opt/homebrew/Cellar/texlive/20250308_1/share/texmf-dist/tex/latex/xkeyval/xkeyval.sty
Package: xkeyval 2022/06/16 v2.9 package option processing (HA)
 (/opt/homebrew/Cellar/texlive/20250308_1/share/texmf-dist/tex/generic/xkeyval/xkeyval.tex (/opt/homebrew/Cellar/texlive/20250308_1/share/texmf-dist/tex/generic/xkeyval/xkvutils.tex
\XKV@toks=\toks27
\XKV@tempa@toks=\toks28
)
\XKV@depth=\count312
File: xkeyval.tex 2014/12/03 v2.7a key=value parser (HA)
))
\c@pc@count@i=\count313
\c@pc@count@ii=\count314
\c@pc@count@iii=\count315
\c@pc@count@iv=\count316
\pc@mathannot@box=\box101
\pc@nullbox=\box102
\pc@dima=\skip59
\pc@dimb=\skip60
\pc@Sposx=\skip61
\pc@Sposy=\skip62
\pc@Eposx=\skip63
\pc@Eposy=\skip64
\pc@column=\skip65
\pc@box@width=\skip66
\pc@box@height=\skip67
\pc@box@depth=\skip68
 (/opt/homebrew/Cellar/texlive/20250308_1/share/texmf-dist/tex/latex/datetime2/datetime2.sty
Package: datetime2 2021/03/21 v1.5.7 (NLCT) date and time formats
 (/opt/homebrew/Cellar/texlive/20250308_1/share/texmf-dist/tex/latex/tracklang/tracklang.sty
Package: tracklang 2025/03/04 v1.6.5 (NLCT) Track Languages
 (/opt/homebrew/Cellar/texlive/20250308_1/share/texmf-dist/tex/generic/tracklang/tracklang.tex))) (/opt/homebrew/Cellar/texlive/20250308_1/share/texmf-dist/tex/latex/zref/zref-savepos.sty
Package: zref-savepos 2023-09-14 v2.35 Module savepos for zref (HO)
 (/opt/homebrew/Cellar/texlive/20250308_1/share/texmf-dist/tex/latex/zref/zref-base.sty
Package: zref-base 2023-09-14 v2.35 Module base for zref (HO)
 (/opt/homebrew/Cellar/texlive/20250308_1/share/texmf-dist/tex/generic/etexcmds/etexcmds.sty
Package: etexcmds 2019/12/15 v1.7 Avoid name clashes with e-TeX commands (HO)
) (/opt/homebrew/Cellar/texlive/20250308_1/share/texmf-dist/tex/latex/auxhook/auxhook.sty
Package: auxhook 2019-12-17 v1.6 Hooks for auxiliary files (HO)
)
Package zref Info: New property list: main on input line 767.
Package zref Info: New property: default on input line 768.
Package zref Info: New property: page on input line 769.
)
Package zref Info: New property list: savepos on input line 79.
Package zref Info: New property: posx on input line 81.
Package zref Info: New property: posy on input line 82.
)
\c@zref@unique=\count317
 (/opt/homebrew/Cellar/texlive/20250308_1/share/texmf-dist/tex/latex/base/ifthen.sty
Package: ifthen 2024/03/16 v1.1e Standard LaTeX ifthen package (DPC)
) (/opt/homebrew/Cellar/texlive/20250308_1/share/texmf-dist/tex/latex/tools/calc.sty
Package: calc 2023/07/08 v4.3 Infix arithmetic (KKT,FJ)
\calc@Acount=\count318
\calc@Bcount=\count319
\calc@Adimen=\dimen170
\calc@Bdimen=\dimen171
\calc@Askip=\skip69
\calc@Bskip=\skip70
LaTeX Info: Redefining \setlength on input line 80.
LaTeX Info: Redefining \addtolength on input line 81.
\calc@Ccount=\count320
\calc@Cskip=\skip71
) (/opt/homebrew/Cellar/texlive/20250308_1/share/texmf-dist/tex/latex/marginnote/marginnote.sty
Package: marginnote 2018/08/09 1.4b non floating margin notes for LaTeX
\c@mn@abspage=\count321
) (/opt/homebrew/Cellar/texlive/20250308_1/share/texmf-dist/tex/generic/iftex/ifpdf.sty
Package: ifpdf 2019/10/25 v3.4 ifpdf legacy package. Use iftex instead.
) (/opt/homebrew/Cellar/texlive/20250308_1/share/texmf-dist/tex/generic/iftex/ifluatex.sty
Package: ifluatex 2019/10/25 v1.5 ifluatex legacy package. Use iftex instead.
) (/opt/homebrew/Cellar/texlive/20250308_1/share/texmf-dist/tex/latex/soulpos/soulpos.sty
Package: soulpos 2021/10/15 v1.2 Fancy underlining
\ulp@subcnt=\count322
\ulp@cnt=\count323
\ulp@out=\write3
\ulp@in=\read2
\ulwidth=\dimen172
)

Package hyperref Warning: Option `pdftex' has already been used,
(hyperref)                setting the option has no effect on input line 1369.

Package zref Info: New property list: pdfcomment on input line 2735.
Package zref Info: New property: PCPDFOBJID on input line 2736.
) (/opt/homebrew/Cellar/texlive/20250308_1/share/texmf-dist/tex/latex/amsfonts/amssymb.sty
Package: amssymb 2013/01/14 v3.01 AMS font symbols
 (/opt/homebrew/Cellar/texlive/20250308_1/share/texmf-dist/tex/latex/amsfonts/amsfonts.sty
Package: amsfonts 2013/01/14 v3.01 Basic AMSFonts support
\symAMSa=\mathgroup4
\symAMSb=\mathgroup5
LaTeX Font Info:    Redeclaring math symbol \hbar on input line 98.
LaTeX Font Info:    Overwriting math alphabet `\mathfrak' in version `bold'
(Font)                  U/euf/m/n --> U/euf/b/n on input line 106.
)) (/opt/homebrew/Cellar/texlive/20250308_1/share/texmf-dist/tex/latex/siunitx/siunitx.sty
Package: siunitx 2025-02-27 v3.4.6 A comprehensive (SI) units package
\l__siunitx_number_uncert_offset_int=\count324
\l__siunitx_number_exponent_fixed_int=\count325
\l__siunitx_number_min_decimal_int=\count326
\l__siunitx_number_min_integer_int=\count327
\l__siunitx_number_round_precision_int=\count328
\l__siunitx_number_lower_threshold_int=\count329
\l__siunitx_number_upper_threshold_int=\count330
\l__siunitx_number_group_first_int=\count331
\l__siunitx_number_group_size_int=\count332
\l__siunitx_number_group_minimum_int=\count333
\l__siunitx_angle_tmp_dim=\dimen173
\l__siunitx_angle_marker_box=\box103
\l__siunitx_angle_unit_box=\box104
\l__siunitx_compound_count_int=\count334
 (/opt/homebrew/Cellar/texlive/20250308_1/share/texmf-dist/tex/latex/translations/translations.sty
Package: translations 2022/02/05 v1.12 internationalization of LaTeX2e packages (CN)
)
\l__siunitx_table_tmp_box=\box105
\l__siunitx_table_tmp_dim=\dimen174
\l__siunitx_table_column_width_dim=\dimen175
\l__siunitx_table_integer_box=\box106
\l__siunitx_table_decimal_box=\box107
\l__siunitx_table_uncert_box=\box108
\l__siunitx_table_before_box=\box109
\l__siunitx_table_after_box=\box110
\l__siunitx_table_before_dim=\dimen176
\l__siunitx_table_carry_dim=\dimen177
\l__siunitx_unit_tmp_int=\count335
\l__siunitx_unit_position_int=\count336
\l__siunitx_unit_total_int=\count337
 (/opt/homebrew/Cellar/texlive/20250308_1/share/texmf-dist/tex/latex/tools/array.sty
Package: array 2024/10/17 v2.6g Tabular extension package (FMi)
\col@sep=\dimen178
\ar@mcellbox=\box111
\extrarowheight=\dimen179
\NC@list=\toks29
\extratabsurround=\skip72
\backup@length=\skip73
\ar@cellbox=\box112
)) (/opt/homebrew/Cellar/texlive/20250308_1/share/texmf-dist/tex/latex/caption/subcaption.sty
Package: subcaption 2023/07/28 v1.6b Sub-captions (AR)
 (/opt/homebrew/Cellar/texlive/20250308_1/share/texmf-dist/tex/latex/caption/caption.sty
Package: caption 2023/08/05 v3.6o Customizing captions (AR)
 (/opt/homebrew/Cellar/texlive/20250308_1/share/texmf-dist/tex/latex/caption/caption3.sty
Package: caption3 2023/07/31 v2.4d caption3 kernel (AR)
\caption@tempdima=\dimen180
\captionmargin=\dimen181
\caption@leftmargin=\dimen182
\caption@rightmargin=\dimen183
\caption@width=\dimen184
\caption@indent=\dimen185
\caption@parindent=\dimen186
\caption@hangindent=\dimen187
Package caption Info: Standard document class detected.
)
\c@caption@flags=\count338
\c@continuedfloat=\count339
Package caption Info: hyperref package is loaded.
Package caption Info: wrapfig package is loaded.
)
Package caption Info: New subtype `subfigure' on input line 238.
\c@subfigure=\count340
Package caption Info: New subtype `subtable' on input line 238.
\c@subtable=\count341
) (/opt/homebrew/Cellar/texlive/20250308_1/share/texmf-dist/tex/latex/float/float.sty
Package: float 2001/11/08 v1.3d Float enhancements (AL)
\c@float@type=\count342
\float@exts=\toks30
\float@box=\box113
\@float@everytoks=\toks31
\@floatcapt=\box114
) (/opt/homebrew/Cellar/texlive/20250308_1/share/texmf-dist/tex/latex/listings/listings.sty
\lst@mode=\count343
\lst@gtempboxa=\box115
\lst@token=\toks32
\lst@length=\count344
\lst@currlwidth=\dimen188
\lst@column=\count345
\lst@pos=\count346
\lst@lostspace=\dimen189
\lst@width=\dimen190
\lst@newlines=\count347
\lst@lineno=\count348
\lst@maxwidth=\dimen191
 (/opt/homebrew/Cellar/texlive/20250308_1/share/texmf-dist/tex/latex/listings/lstpatch.sty
File: lstpatch.sty 2024/09/23 1.10c (Carsten Heinz)
) (/opt/homebrew/Cellar/texlive/20250308_1/share/texmf-dist/tex/latex/listings/lstmisc.sty
File: lstmisc.sty 2024/09/23 1.10c (Carsten Heinz)
\c@lstnumber=\count349
\lst@skipnumbers=\count350
\lst@framebox=\box116
) (/opt/homebrew/Cellar/texlive/20250308_1/share/texmf-dist/tex/latex/listings/listings.cfg
File: listings.cfg 2024/09/23 1.10c listings configuration
))
Package: listings 2024/09/23 1.10c (Carsten Heinz)
 (/opt/homebrew/Cellar/texlive/20250308_1/share/texmf-dist/tex/latex/fancyhdr/fancyhdr.sty
Package: fancyhdr 2025/02/07 v5.2 Extensive control of page headers and footers
\f@nch@headwidth=\skip74
\f@nch@offset@elh=\skip75
\f@nch@offset@erh=\skip76
\f@nch@offset@olh=\skip77
\f@nch@offset@orh=\skip78
\f@nch@offset@elf=\skip79
\f@nch@offset@erf=\skip80
\f@nch@offset@olf=\skip81
\f@nch@offset@orf=\skip82
\f@nch@height=\skip83
\f@nch@footalignment=\skip84
\f@nch@widthL=\skip85
\f@nch@widthC=\skip86
\f@nch@widthR=\skip87
\@temptokenb=\toks33
) (/opt/homebrew/Cellar/texlive/20250308_1/share/texmf-dist/tex/latex/pgf/frontendlayer/tikz.sty (/opt/homebrew/Cellar/texlive/20250308_1/share/texmf-dist/tex/latex/pgf/basiclayer/pgf.sty (/opt/homebrew/Cellar/texlive/20250308_1/share/texmf-dist/tex/latex/pgf/utilities/pgfrcs.sty (/opt/homebrew/Cellar/texlive/20250308_1/share/texmf-dist/tex/generic/pgf/utilities/pgfutil-common.tex
\pgfutil@everybye=\toks34
\pgfutil@tempdima=\dimen192
\pgfutil@tempdimb=\dimen193
) (/opt/homebrew/Cellar/texlive/20250308_1/share/texmf-dist/tex/generic/pgf/utilities/pgfutil-latex.def
\pgfutil@abb=\box117
) (/opt/homebrew/Cellar/texlive/20250308_1/share/texmf-dist/tex/generic/pgf/utilities/pgfrcs.code.tex (/opt/homebrew/Cellar/texlive/20250308_1/share/texmf-dist/tex/generic/pgf/pgf.revision.tex)
Package: pgfrcs 2023-01-15 v3.1.10 (3.1.10)
))
Package: pgf 2023-01-15 v3.1.10 (3.1.10)
 (/opt/homebrew/Cellar/texlive/20250308_1/share/texmf-dist/tex/latex/pgf/basiclayer/pgfcore.sty (/opt/homebrew/Cellar/texlive/20250308_1/share/texmf-dist/tex/latex/pgf/systemlayer/pgfsys.sty (/opt/homebrew/Cellar/texlive/20250308_1/share/texmf-dist/tex/generic/pgf/systemlayer/pgfsys.code.tex
Package: pgfsys 2023-01-15 v3.1.10 (3.1.10)
 (/opt/homebrew/Cellar/texlive/20250308_1/share/texmf-dist/tex/generic/pgf/utilities/pgfkeys.code.tex
\pgfkeys@pathtoks=\toks35
\pgfkeys@temptoks=\toks36
 (/opt/homebrew/Cellar/texlive/20250308_1/share/texmf-dist/tex/generic/pgf/utilities/pgfkeyslibraryfiltered.code.tex
\pgfkeys@tmptoks=\toks37
))
\pgf@x=\dimen194
\pgf@y=\dimen195
\pgf@xa=\dimen196
\pgf@ya=\dimen197
\pgf@xb=\dimen198
\pgf@yb=\dimen199
\pgf@xc=\dimen256
\pgf@yc=\dimen257
\pgf@xd=\dimen258
\pgf@yd=\dimen259
\w@pgf@writea=\write4
\r@pgf@reada=\read3
\c@pgf@counta=\count351
\c@pgf@countb=\count352
\c@pgf@countc=\count353
\c@pgf@countd=\count354
\t@pgf@toka=\toks38
\t@pgf@tokb=\toks39
\t@pgf@tokc=\toks40
\pgf@sys@id@count=\count355
 (/opt/homebrew/Cellar/texlive/20250308_1/share/texmf-dist/tex/generic/pgf/systemlayer/pgf.cfg
File: pgf.cfg 2023-01-15 v3.1.10 (3.1.10)
)
Driver file for pgf: pgfsys-pdftex.def
 (/opt/homebrew/Cellar/texlive/20250308_1/share/texmf-dist/tex/generic/pgf/systemlayer/pgfsys-pdftex.def
File: pgfsys-pdftex.def 2023-01-15 v3.1.10 (3.1.10)
 (/opt/homebrew/Cellar/texlive/20250308_1/share/texmf-dist/tex/generic/pgf/systemlayer/pgfsys-common-pdf.def
File: pgfsys-common-pdf.def 2023-01-15 v3.1.10 (3.1.10)
))) (/opt/homebrew/Cellar/texlive/20250308_1/share/texmf-dist/tex/generic/pgf/systemlayer/pgfsyssoftpath.code.tex
File: pgfsyssoftpath.code.tex 2023-01-15 v3.1.10 (3.1.10)
\pgfsyssoftpath@smallbuffer@items=\count356
\pgfsyssoftpath@bigbuffer@items=\count357
) (/opt/homebrew/Cellar/texlive/20250308_1/share/texmf-dist/tex/generic/pgf/systemlayer/pgfsysprotocol.code.tex
File: pgfsysprotocol.code.tex 2023-01-15 v3.1.10 (3.1.10)
)) (/opt/homebrew/Cellar/texlive/20250308_1/share/texmf-dist/tex/latex/xcolor/xcolor.sty
Package: xcolor 2024/09/29 v3.02 LaTeX color extensions (UK)
 (/opt/homebrew/Cellar/texlive/20250308_1/share/texmf-dist/tex/latex/graphics-cfg/color.cfg
File: color.cfg 2016/01/02 v1.6 sample color configuration
)
Package xcolor Info: Driver file: pdftex.def on input line 274.
 (/opt/homebrew/Cellar/texlive/20250308_1/share/texmf-dist/tex/latex/graphics/mathcolor.ltx)
Package xcolor Info: Model `cmy' substituted by `cmy0' on input line 1349.
Package xcolor Info: Model `hsb' substituted by `rgb' on input line 1353.
Package xcolor Info: Model `RGB' extended on input line 1365.
Package xcolor Info: Model `HTML' substituted by `rgb' on input line 1367.
Package xcolor Info: Model `Hsb' substituted by `hsb' on input line 1368.
Package xcolor Info: Model `tHsb' substituted by `hsb' on input line 1369.
Package xcolor Info: Model `HSB' substituted by `hsb' on input line 1370.
Package xcolor Info: Model `Gray' substituted by `gray' on input line 1371.
Package xcolor Info: Model `wave' substituted by `hsb' on input line 1372.
) (/opt/homebrew/Cellar/texlive/20250308_1/share/texmf-dist/tex/generic/pgf/basiclayer/pgfcore.code.tex
Package: pgfcore 2023-01-15 v3.1.10 (3.1.10)
 (/opt/homebrew/Cellar/texlive/20250308_1/share/texmf-dist/tex/generic/pgf/math/pgfmath.code.tex (/opt/homebrew/Cellar/texlive/20250308_1/share/texmf-dist/tex/generic/pgf/math/pgfmathutil.code.tex) (/opt/homebrew/Cellar/texlive/20250308_1/share/texmf-dist/tex/generic/pgf/math/pgfmathparser.code.tex
\pgfmath@dimen=\dimen260
\pgfmath@count=\count358
\pgfmath@box=\box118
\pgfmath@toks=\toks41
\pgfmath@stack@operand=\toks42
\pgfmath@stack@operation=\toks43
) (/opt/homebrew/Cellar/texlive/20250308_1/share/texmf-dist/tex/generic/pgf/math/pgfmathfunctions.code.tex) (/opt/homebrew/Cellar/texlive/20250308_1/share/texmf-dist/tex/generic/pgf/math/pgfmathfunctions.basic.code.tex) (/opt/homebrew/Cellar/texlive/20250308_1/share/texmf-dist/tex/generic/pgf/math/pgfmathfunctions.trigonometric.code.tex) (/opt/homebrew/Cellar/texlive/20250308_1/share/texmf-dist/tex/generic/pgf/math/pgfmathfunctions.random.code.tex) (/opt/homebrew/Cellar/texlive/20250308_1/share/texmf-dist/tex/generic/pgf/math/pgfmathfunctions.comparison.code.tex) (/opt/homebrew/Cellar/texlive/20250308_1/share/texmf-dist/tex/generic/pgf/math/pgfmathfunctions.base.code.tex) (/opt/homebrew/Cellar/texlive/20250308_1/share/texmf-dist/tex/generic/pgf/math/pgfmathfunctions.round.code.tex) (/opt/homebrew/Cellar/texlive/20250308_1/share/texmf-dist/tex/generic/pgf/math/pgfmathfunctions.misc.code.tex) (/opt/homebrew/Cellar/texlive/20250308_1/share/texmf-dist/tex/generic/pgf/math/pgfmathfunctions.integerarithmetics.code.tex) (/opt/homebrew/Cellar/texlive/20250308_1/share/texmf-dist/tex/generic/pgf/math/pgfmathcalc.code.tex) (/opt/homebrew/Cellar/texlive/20250308_1/share/texmf-dist/tex/generic/pgf/math/pgfmathfloat.code.tex
\c@pgfmathroundto@lastzeros=\count359
)) (/opt/homebrew/Cellar/texlive/20250308_1/share/texmf-dist/tex/generic/pgf/math/pgfint.code.tex) (/opt/homebrew/Cellar/texlive/20250308_1/share/texmf-dist/tex/generic/pgf/basiclayer/pgfcorepoints.code.tex
File: pgfcorepoints.code.tex 2023-01-15 v3.1.10 (3.1.10)
\pgf@picminx=\dimen261
\pgf@picmaxx=\dimen262
\pgf@picminy=\dimen263
\pgf@picmaxy=\dimen264
\pgf@pathminx=\dimen265
\pgf@pathmaxx=\dimen266
\pgf@pathminy=\dimen267
\pgf@pathmaxy=\dimen268
\pgf@xx=\dimen269
\pgf@xy=\dimen270
\pgf@yx=\dimen271
\pgf@yy=\dimen272
\pgf@zx=\dimen273
\pgf@zy=\dimen274
) (/opt/homebrew/Cellar/texlive/20250308_1/share/texmf-dist/tex/generic/pgf/basiclayer/pgfcorepathconstruct.code.tex
File: pgfcorepathconstruct.code.tex 2023-01-15 v3.1.10 (3.1.10)
\pgf@path@lastx=\dimen275
\pgf@path@lasty=\dimen276
) (/opt/homebrew/Cellar/texlive/20250308_1/share/texmf-dist/tex/generic/pgf/basiclayer/pgfcorepathusage.code.tex
File: pgfcorepathusage.code.tex 2023-01-15 v3.1.10 (3.1.10)
\pgf@shorten@end@additional=\dimen277
\pgf@shorten@start@additional=\dimen278
) (/opt/homebrew/Cellar/texlive/20250308_1/share/texmf-dist/tex/generic/pgf/basiclayer/pgfcorescopes.code.tex
File: pgfcorescopes.code.tex 2023-01-15 v3.1.10 (3.1.10)
\pgfpic=\box119
\pgf@hbox=\box120
\pgf@layerbox@main=\box121
\pgf@picture@serial@count=\count360
) (/opt/homebrew/Cellar/texlive/20250308_1/share/texmf-dist/tex/generic/pgf/basiclayer/pgfcoregraphicstate.code.tex
File: pgfcoregraphicstate.code.tex 2023-01-15 v3.1.10 (3.1.10)
\pgflinewidth=\dimen279
) (/opt/homebrew/Cellar/texlive/20250308_1/share/texmf-dist/tex/generic/pgf/basiclayer/pgfcoretransformations.code.tex
File: pgfcoretransformations.code.tex 2023-01-15 v3.1.10 (3.1.10)
\pgf@pt@x=\dimen280
\pgf@pt@y=\dimen281
\pgf@pt@temp=\dimen282
) (/opt/homebrew/Cellar/texlive/20250308_1/share/texmf-dist/tex/generic/pgf/basiclayer/pgfcorequick.code.tex
File: pgfcorequick.code.tex 2023-01-15 v3.1.10 (3.1.10)
) (/opt/homebrew/Cellar/texlive/20250308_1/share/texmf-dist/tex/generic/pgf/basiclayer/pgfcoreobjects.code.tex
File: pgfcoreobjects.code.tex 2023-01-15 v3.1.10 (3.1.10)
) (/opt/homebrew/Cellar/texlive/20250308_1/share/texmf-dist/tex/generic/pgf/basiclayer/pgfcorepathprocessing.code.tex
File: pgfcorepathprocessing.code.tex 2023-01-15 v3.1.10 (3.1.10)
) (/opt/homebrew/Cellar/texlive/20250308_1/share/texmf-dist/tex/generic/pgf/basiclayer/pgfcorearrows.code.tex
File: pgfcorearrows.code.tex 2023-01-15 v3.1.10 (3.1.10)
\pgfarrowsep=\dimen283
) (/opt/homebrew/Cellar/texlive/20250308_1/share/texmf-dist/tex/generic/pgf/basiclayer/pgfcoreshade.code.tex
File: pgfcoreshade.code.tex 2023-01-15 v3.1.10 (3.1.10)
\pgf@max=\dimen284
\pgf@sys@shading@range@num=\count361
\pgf@shadingcount=\count362
) (/opt/homebrew/Cellar/texlive/20250308_1/share/texmf-dist/tex/generic/pgf/basiclayer/pgfcoreimage.code.tex
File: pgfcoreimage.code.tex 2023-01-15 v3.1.10 (3.1.10)
) (/opt/homebrew/Cellar/texlive/20250308_1/share/texmf-dist/tex/generic/pgf/basiclayer/pgfcoreexternal.code.tex
File: pgfcoreexternal.code.tex 2023-01-15 v3.1.10 (3.1.10)
\pgfexternal@startupbox=\box122
) (/opt/homebrew/Cellar/texlive/20250308_1/share/texmf-dist/tex/generic/pgf/basiclayer/pgfcorelayers.code.tex
File: pgfcorelayers.code.tex 2023-01-15 v3.1.10 (3.1.10)
) (/opt/homebrew/Cellar/texlive/20250308_1/share/texmf-dist/tex/generic/pgf/basiclayer/pgfcoretransparency.code.tex
File: pgfcoretransparency.code.tex 2023-01-15 v3.1.10 (3.1.10)
) (/opt/homebrew/Cellar/texlive/20250308_1/share/texmf-dist/tex/generic/pgf/basiclayer/pgfcorepatterns.code.tex
File: pgfcorepatterns.code.tex 2023-01-15 v3.1.10 (3.1.10)
) (/opt/homebrew/Cellar/texlive/20250308_1/share/texmf-dist/tex/generic/pgf/basiclayer/pgfcorerdf.code.tex
File: pgfcorerdf.code.tex 2023-01-15 v3.1.10 (3.1.10)
))) (/opt/homebrew/Cellar/texlive/20250308_1/share/texmf-dist/tex/generic/pgf/modules/pgfmoduleshapes.code.tex
File: pgfmoduleshapes.code.tex 2023-01-15 v3.1.10 (3.1.10)
\pgfnodeparttextbox=\box123
) (/opt/homebrew/Cellar/texlive/20250308_1/share/texmf-dist/tex/generic/pgf/modules/pgfmoduleplot.code.tex
File: pgfmoduleplot.code.tex 2023-01-15 v3.1.10 (3.1.10)
) (/opt/homebrew/Cellar/texlive/20250308_1/share/texmf-dist/tex/latex/pgf/compatibility/pgfcomp-version-0-65.sty
Package: pgfcomp-version-0-65 2023-01-15 v3.1.10 (3.1.10)
\pgf@nodesepstart=\dimen285
\pgf@nodesepend=\dimen286
) (/opt/homebrew/Cellar/texlive/20250308_1/share/texmf-dist/tex/latex/pgf/compatibility/pgfcomp-version-1-18.sty
Package: pgfcomp-version-1-18 2023-01-15 v3.1.10 (3.1.10)
)) (/opt/homebrew/Cellar/texlive/20250308_1/share/texmf-dist/tex/latex/pgf/utilities/pgffor.sty (/opt/homebrew/Cellar/texlive/20250308_1/share/texmf-dist/tex/latex/pgf/utilities/pgfkeys.sty (/opt/homebrew/Cellar/texlive/20250308_1/share/texmf-dist/tex/generic/pgf/utilities/pgfkeys.code.tex)) (/opt/homebrew/Cellar/texlive/20250308_1/share/texmf-dist/tex/latex/pgf/math/pgfmath.sty (/opt/homebrew/Cellar/texlive/20250308_1/share/texmf-dist/tex/generic/pgf/math/pgfmath.code.tex)) (/opt/homebrew/Cellar/texlive/20250308_1/share/texmf-dist/tex/generic/pgf/utilities/pgffor.code.tex
Package: pgffor 2023-01-15 v3.1.10 (3.1.10)
\pgffor@iter=\dimen287
\pgffor@skip=\dimen288
\pgffor@stack=\toks44
\pgffor@toks=\toks45
)) (/opt/homebrew/Cellar/texlive/20250308_1/share/texmf-dist/tex/generic/pgf/frontendlayer/tikz/tikz.code.tex
Package: tikz 2023-01-15 v3.1.10 (3.1.10)
 (/opt/homebrew/Cellar/texlive/20250308_1/share/texmf-dist/tex/generic/pgf/libraries/pgflibraryplothandlers.code.tex
File: pgflibraryplothandlers.code.tex 2023-01-15 v3.1.10 (3.1.10)
\pgf@plot@mark@count=\count363
\pgfplotmarksize=\dimen289
)
\tikz@lastx=\dimen290
\tikz@lasty=\dimen291
\tikz@lastxsaved=\dimen292
\tikz@lastysaved=\dimen293
\tikz@lastmovetox=\dimen294
\tikz@lastmovetoy=\dimen295
\tikzleveldistance=\dimen296
\tikzsiblingdistance=\dimen297
\tikz@figbox=\box124
\tikz@figbox@bg=\box125
\tikz@tempbox=\box126
\tikz@tempbox@bg=\box127
\tikztreelevel=\count364
\tikznumberofchildren=\count365
\tikznumberofcurrentchild=\count366
\tikz@fig@count=\count367
 (/opt/homebrew/Cellar/texlive/20250308_1/share/texmf-dist/tex/generic/pgf/modules/pgfmodulematrix.code.tex
File: pgfmodulematrix.code.tex 2023-01-15 v3.1.10 (3.1.10)
\pgfmatrixcurrentrow=\count368
\pgfmatrixcurrentcolumn=\count369
\pgf@matrix@numberofcolumns=\count370
)
\tikz@expandcount=\count371
 (/opt/homebrew/Cellar/texlive/20250308_1/share/texmf-dist/tex/generic/pgf/frontendlayer/tikz/libraries/tikzlibrarytopaths.code.tex
File: tikzlibrarytopaths.code.tex 2023-01-15 v3.1.10 (3.1.10)
))) (/opt/homebrew/Cellar/texlive/20250308_1/share/texmf-dist/tex/latex/pgf-pie/pgf-pie.sty
Package: pgf-pie 2022/06/14 v0.7 Some LaTeX macros for pie chart by using PGF/Tikz package.
 (/opt/homebrew/Cellar/texlive/20250308_1/share/texmf-dist/tex/latex/pgf-pie/tikzlibrarypie.code.tex (/opt/homebrew/Cellar/texlive/20250308_1/share/texmf-dist/tex/latex/carlisle/scalefnt.sty)
\pgfpie@angleEnd=\dimen298
\pgfpie@explodeLength=\count372
\pgfpie@colorLength=\count373
\pgfpie@sliceLength=\count374
)) (/opt/homebrew/Cellar/texlive/20250308_1/share/texmf-dist/tex/generic/pgf/frontendlayer/tikz/libraries/tikzlibraryshapes.code.tex
File: tikzlibraryshapes.code.tex 2023-01-15 v3.1.10 (3.1.10)
 (/opt/homebrew/Cellar/texlive/20250308_1/share/texmf-dist/tex/generic/pgf/frontendlayer/tikz/libraries/tikzlibraryshapes.geometric.code.tex
File: tikzlibraryshapes.geometric.code.tex 2023-01-15 v3.1.10 (3.1.10)
 (/opt/homebrew/Cellar/texlive/20250308_1/share/texmf-dist/tex/generic/pgf/libraries/shapes/pgflibraryshapes.geometric.code.tex
File: pgflibraryshapes.geometric.code.tex 2023-01-15 v3.1.10 (3.1.10)
)) (/opt/homebrew/Cellar/texlive/20250308_1/share/texmf-dist/tex/generic/pgf/frontendlayer/tikz/libraries/tikzlibraryshapes.misc.code.tex
File: tikzlibraryshapes.misc.code.tex 2023-01-15 v3.1.10 (3.1.10)
 (/opt/homebrew/Cellar/texlive/20250308_1/share/texmf-dist/tex/generic/pgf/libraries/shapes/pgflibraryshapes.misc.code.tex
File: pgflibraryshapes.misc.code.tex 2023-01-15 v3.1.10 (3.1.10)
)) (/opt/homebrew/Cellar/texlive/20250308_1/share/texmf-dist/tex/generic/pgf/frontendlayer/tikz/libraries/tikzlibraryshapes.symbols.code.tex
File: tikzlibraryshapes.symbols.code.tex 2023-01-15 v3.1.10 (3.1.10)
 (/opt/homebrew/Cellar/texlive/20250308_1/share/texmf-dist/tex/generic/pgf/libraries/shapes/pgflibraryshapes.symbols.code.tex
File: pgflibraryshapes.symbols.code.tex 2023-01-15 v3.1.10 (3.1.10)
)) (/opt/homebrew/Cellar/texlive/20250308_1/share/texmf-dist/tex/generic/pgf/frontendlayer/tikz/libraries/tikzlibraryshapes.arrows.code.tex
File: tikzlibraryshapes.arrows.code.tex 2023-01-15 v3.1.10 (3.1.10)
 (/opt/homebrew/Cellar/texlive/20250308_1/share/texmf-dist/tex/generic/pgf/libraries/shapes/pgflibraryshapes.arrows.code.tex
File: pgflibraryshapes.arrows.code.tex 2023-01-15 v3.1.10 (3.1.10)
)) (/opt/homebrew/Cellar/texlive/20250308_1/share/texmf-dist/tex/generic/pgf/frontendlayer/tikz/libraries/tikzlibraryshapes.callouts.code.tex
(/opt/homebrew/Cellar/texlive/20250308_1/share/texmf-dist/tex/generic/pgf/libraries/shapes/pgflibraryshapes.callouts.code.tex)) (/opt/homebrew/Cellar/texlive/20250308_1/share/texmf-dist/tex/generic/pgf/frontendlayer/tikz/libraries/tikzlibraryshapes.multipart.code.tex
File: tikzlibraryshapes.multipart.code.tex 2023-01-15 v3.1.10 (3.1.10)
 (/opt/homebrew/Cellar/texlive/20250308_1/share/texmf-dist/tex/generic/pgf/libraries/shapes/pgflibraryshapes.multipart.code.tex
File: pgflibraryshapes.multipart.code.tex 2023-01-15 v3.1.10 (3.1.10)
\pgfnodepartlowerbox=\box128
\pgfnodeparttwobox=\box129
\pgfnodepartthreebox=\box130
\pgfnodepartfourbox=\box131
\pgfnodeparttwentybox=\box132
\pgfnodepartnineteenbox=\box133
\pgfnodeparteighteenbox=\box134
\pgfnodepartseventeenbox=\box135
\pgfnodepartsixteenbox=\box136
\pgfnodepartfifteenbox=\box137
\pgfnodepartfourteenbox=\box138
\pgfnodepartthirteenbox=\box139
\pgfnodeparttwelvebox=\box140
\pgfnodepartelevenbox=\box141
\pgfnodeparttenbox=\box142
\pgfnodepartninebox=\box143
\pgfnodeparteightbox=\box144
\pgfnodepartsevenbox=\box145
\pgfnodepartsixbox=\box146
\pgfnodepartfivebox=\box147
))) (/opt/homebrew/Cellar/texlive/20250308_1/share/texmf-dist/tex/generic/pgf/frontendlayer/tikz/libraries/tikzlibraryarrows.code.tex
File: tikzlibraryarrows.code.tex 2023-01-15 v3.1.10 (3.1.10)
 (/opt/homebrew/Cellar/texlive/20250308_1/share/texmf-dist/tex/generic/pgf/libraries/pgflibraryarrows.code.tex
File: pgflibraryarrows.code.tex 2023-01-15 v3.1.10 (3.1.10)
\arrowsize=\dimen299
)) (/opt/homebrew/Cellar/texlive/20250308_1/share/texmf-dist/tex/generic/pgf/frontendlayer/tikz/libraries/tikzlibrarypositioning.code.tex
File: tikzlibrarypositioning.code.tex 2023-01-15 v3.1.10 (3.1.10)
) (/opt/homebrew/Cellar/texlive/20250308_1/share/texmf-dist/tex/generic/pgf/frontendlayer/tikz/libraries/tikzlibrarycalc.code.tex
File: tikzlibrarycalc.code.tex 2023-01-15 v3.1.10 (3.1.10)
) (/opt/homebrew/Cellar/texlive/20250308_1/share/texmf-dist/tex/generic/pgf/libraries/pgflibraryarrows.meta.code.tex
File: pgflibraryarrows.meta.code.tex 2023-01-15 v3.1.10 (3.1.10)
\pgfarrowinset=\dimen300
\pgfarrowlength=\dimen301
\pgfarrowwidth=\dimen302
\pgfarrowlinewidth=\dimen303
) (/opt/homebrew/Cellar/texlive/20250308_1/share/texmf-dist/tex/latex/booktabs/booktabs.sty
Package: booktabs 2020/01/12 v1.61803398 Publication quality tables
\heavyrulewidth=\dimen304
\lightrulewidth=\dimen305
\cmidrulewidth=\dimen306
\belowrulesep=\dimen307
\belowbottomsep=\dimen308
\aboverulesep=\dimen309
\abovetopsep=\dimen310
\cmidrulesep=\dimen311
\cmidrulekern=\dimen312
\defaultaddspace=\dimen313
\@cmidla=\count375
\@cmidlb=\count376
\@aboverulesep=\dimen314
\@belowrulesep=\dimen315
\@thisruleclass=\count377
\@lastruleclass=\count378
\@thisrulewidth=\dimen316
) (/opt/homebrew/Cellar/texlive/20250308_1/share/texmf-dist/tex/latex/tools/longtable.sty
Package: longtable 2024-10-27 v4.22 Multi-page Table package (DPC)
\LTleft=\skip88
\LTright=\skip89
\LTpre=\skip90
\LTpost=\skip91
\LTchunksize=\count379
\LTcapwidth=\dimen317
\LT@head=\box148
\LT@firsthead=\box149
\LT@foot=\box150
\LT@lastfoot=\box151
\LT@gbox=\box152
\LT@cols=\count380
\LT@rows=\count381
\c@LT@tables=\count382
\c@LT@chunks=\count383
\LT@p@ftn=\toks46
) (/opt/homebrew/Cellar/texlive/20250308_1/share/texmf-dist/tex/latex/tools/tabularx.sty
Package: tabularx 2023/12/11 v2.12a `tabularx' package (DPC)
\TX@col@width=\dimen318
\TX@old@table=\dimen319
\TX@old@col=\dimen320
\TX@target=\dimen321
\TX@delta=\dimen322
\TX@cols=\count384
\TX@ftn=\toks47
) (/opt/homebrew/Cellar/texlive/20250308_1/share/texmf-dist/tex/latex/base/fontenc.sty
Package: fontenc 2021/04/29 v2.0v Standard LaTeX package
) (/opt/homebrew/Cellar/texlive/20250308_1/share/texmf-dist/tex/latex/lm/lmodern.sty
Package: lmodern 2015/05/01 v1.6.1 Latin Modern Fonts
LaTeX Font Info:    Overwriting symbol font `operators' in version `normal'
(Font)                  OT1/cmr/m/n --> OT1/lmr/m/n on input line 22.
LaTeX Font Info:    Overwriting symbol font `letters' in version `normal'
(Font)                  OML/cmm/m/it --> OML/lmm/m/it on input line 23.
LaTeX Font Info:    Overwriting symbol font `symbols' in version `normal'
(Font)                  OMS/cmsy/m/n --> OMS/lmsy/m/n on input line 24.
LaTeX Font Info:    Overwriting symbol font `largesymbols' in version `normal'
(Font)                  OMX/cmex/m/n --> OMX/lmex/m/n on input line 25.
LaTeX Font Info:    Overwriting symbol font `operators' in version `bold'
(Font)                  OT1/cmr/bx/n --> OT1/lmr/bx/n on input line 26.
LaTeX Font Info:    Overwriting symbol font `letters' in version `bold'
(Font)                  OML/cmm/b/it --> OML/lmm/b/it on input line 27.
LaTeX Font Info:    Overwriting symbol font `symbols' in version `bold'
(Font)                  OMS/cmsy/b/n --> OMS/lmsy/b/n on input line 28.
LaTeX Font Info:    Overwriting symbol font `largesymbols' in version `bold'
(Font)                  OMX/cmex/m/n --> OMX/lmex/m/n on input line 29.
LaTeX Font Info:    Overwriting math alphabet `\mathbf' in version `normal'
(Font)                  OT1/cmr/bx/n --> OT1/lmr/bx/n on input line 31.
LaTeX Font Info:    Overwriting math alphabet `\mathsf' in version `normal'
(Font)                  OT1/cmss/m/n --> OT1/lmss/m/n on input line 32.
LaTeX Font Info:    Overwriting math alphabet `\mathit' in version `normal'
(Font)                  OT1/cmr/m/it --> OT1/lmr/m/it on input line 33.
LaTeX Font Info:    Overwriting math alphabet `\mathtt' in version `normal'
(Font)                  OT1/cmtt/m/n --> OT1/lmtt/m/n on input line 34.
LaTeX Font Info:    Overwriting math alphabet `\mathbf' in version `bold'
(Font)                  OT1/cmr/bx/n --> OT1/lmr/bx/n on input line 35.
LaTeX Font Info:    Overwriting math alphabet `\mathsf' in version `bold'
(Font)                  OT1/cmss/bx/n --> OT1/lmss/bx/n on input line 36.
LaTeX Font Info:    Overwriting math alphabet `\mathit' in version `bold'
(Font)                  OT1/cmr/bx/it --> OT1/lmr/bx/it on input line 37.
LaTeX Font Info:    Overwriting math alphabet `\mathtt' in version `bold'
(Font)                  OT1/cmtt/m/n --> OT1/lmtt/m/n on input line 38.
) (/opt/homebrew/Cellar/texlive/20250308_1/share/texmf-dist/tex/latex/microtype/microtype.sty
Package: microtype 2025/02/11 v3.2a Micro-typographical refinements (RS)
\MT@toks=\toks48
\MT@tempbox=\box153
\MT@count=\count385
LaTeX Info: Redefining \noprotrusionifhmode on input line 1087.
LaTeX Info: Redefining \leftprotrusion on input line 1088.
\MT@prot@toks=\toks49
LaTeX Info: Redefining \rightprotrusion on input line 1107.
LaTeX Info: Redefining \textls on input line 1449.
\MT@outer@kern=\dimen323
LaTeX Info: Redefining \microtypecontext on input line 2053.
LaTeX Info: Redefining \textmicrotypecontext on input line 2070.
\MT@listname@count=\count386
 (/opt/homebrew/Cellar/texlive/20250308_1/share/texmf-dist/tex/latex/microtype/microtype-pdftex.def
File: microtype-pdftex.def 2025/02/11 v3.2a Definitions specific to pdftex (RS)
LaTeX Info: Redefining \lsstyle on input line 944.
LaTeX Info: Redefining \lslig on input line 944.
\MT@outer@space=\skip92
)
Package microtype Info: Loading configuration file microtype.cfg.
 (/opt/homebrew/Cellar/texlive/20250308_1/share/texmf-dist/tex/latex/microtype/microtype.cfg
File: microtype.cfg 2025/02/11 v3.2a microtype main configuration file (RS)
)
LaTeX Info: Redefining \microtypesetup on input line 3065.
) (/opt/homebrew/Cellar/texlive/20250308_1/share/texmf-dist/tex/generic/babel/babel.sty
Package: babel 2025/02/14 v25.4 The multilingual framework for pdfLaTeX, LuaLaTeX and XeLaTeX
\babel@savecnt=\count387
\U@D=\dimen324
\l@unhyphenated=\language90
 (/opt/homebrew/Cellar/texlive/20250308_1/share/texmf-dist/tex/generic/babel/txtbabel.def)
\bbl@readstream=\read4
\bbl@dirlevel=\count388
 (/opt/homebrew/Cellar/texlive/20250308_1/share/texmf-dist/tex/generic/babel-german/ngerman.ldf
Language: ngerman 2024/12/10 v2.15 German support for babel (post-1996 orthography)
 (/opt/homebrew/Cellar/texlive/20250308_1/share/texmf-dist/tex/generic/babel-german/ngermanb.ldf
Language: ngermanb 2024/12/10 v2.15 German support for babel (post-1996 orthography)
Package babel Info: Making " an active character on input line 122.
))) (/opt/homebrew/Cellar/texlive/20250308_1/share/texmf-dist/tex/generic/babel/locale/de/babel-ngerman.tex
Package babel Info: Importing font and identification data for ngerman
(babel)             from babel-de.ini. Reported on input line 11.
) (/opt/homebrew/Cellar/texlive/20250308_1/share/texmf-dist/tex/latex/graphics/dvipsnam.def
File: dvipsnam.def 2016/06/17 v3.0m Driver-dependent file (DPC,SPQR)
) (/opt/homebrew/Cellar/texlive/20250308_1/share/texmf-dist/tex/latex/colortbl/colortbl.sty
Package: colortbl 2024/07/06 v1.0i Color table columns (DPC)
\everycr=\toks50
\minrowclearance=\skip93
\rownum=\count389
)
Package csquotes Info: Checking for multilingual support...
Package csquotes Info: ... found 'babel' package.
Package csquotes Info: Adjusting default style.
Package csquotes Info: Redefining alias 'default' -> 'ngerman'.
LaTeX Font Info:    Trying to load font information for T1+lmr on input line 261.
 (/opt/homebrew/Cellar/texlive/20250308_1/share/texmf-dist/tex/latex/lm/t1lmr.fd
File: t1lmr.fd 2015/05/01 v1.6.1 Font defs for Latin Modern
) (/opt/homebrew/Cellar/texlive/20250308_1/share/texmf-dist/tex/latex/l3backend/l3backend-pdftex.def
File: l3backend-pdftex.def 2024-05-08 L3 backend support: PDF output (pdfTeX)
\l__color_backend_stack_int=\count390
\l__pdf_internal_box=\box154
) (./seminar_vorlage.aux (./chapters/abstract.aux) (./chapters/Einleitung.aux) (./chapters/kapitel1.aux) (./chapters/kapitel2.aux) (./chapters/kapitel3.aux) (./chapters/kapitel4.aux) (./chapters/kapitel5.aux) (./chapters/kapitel6.aux) (./chapters/kapitel7.aux) (./chapters/kapitel8.aux))
\openout1 = `seminar_vorlage.aux'.

LaTeX Font Info:    Checking defaults for OML/cmm/m/it on input line 261.
LaTeX Font Info:    ... okay on input line 261.
LaTeX Font Info:    Checking defaults for OMS/cmsy/m/n on input line 261.
LaTeX Font Info:    ... okay on input line 261.
LaTeX Font Info:    Checking defaults for OT1/cmr/m/n on input line 261.
LaTeX Font Info:    ... okay on input line 261.
LaTeX Font Info:    Checking defaults for T1/cmr/m/n on input line 261.
LaTeX Font Info:    ... okay on input line 261.
LaTeX Font Info:    Checking defaults for TS1/cmr/m/n on input line 261.
LaTeX Font Info:    ... okay on input line 261.
LaTeX Font Info:    Checking defaults for OMX/cmex/m/n on input line 261.
LaTeX Font Info:    ... okay on input line 261.
LaTeX Font Info:    Checking defaults for U/cmr/m/n on input line 261.
LaTeX Font Info:    ... okay on input line 261.
LaTeX Font Info:    Checking defaults for PD1/pdf/m/n on input line 261.
LaTeX Font Info:    ... okay on input line 261.
LaTeX Font Info:    Checking defaults for PU/pdf/m/n on input line 261.
LaTeX Font Info:    ... okay on input line 261.
 (/opt/homebrew/Cellar/texlive/20250308_1/share/texmf-dist/tex/context/base/mkii/supp-pdf.mkii
[Loading MPS to PDF converter (version 2006.09.02).]
\scratchcounter=\count391
\scratchdimen=\dimen325
\scratchbox=\box155
\nofMPsegments=\count392
\nofMParguments=\count393
\everyMPshowfont=\toks51
\MPscratchCnt=\count394
\MPscratchDim=\dimen326
\MPnumerator=\count395
\makeMPintoPDFobject=\count396
\everyMPtoPDFconversion=\toks52
) (/opt/homebrew/Cellar/texlive/20250308_1/share/texmf-dist/tex/latex/epstopdf-pkg/epstopdf-base.sty
Package: epstopdf-base 2020-01-24 v2.11 Base part for package epstopdf
Package epstopdf-base Info: Redefining graphics rule for `.eps' on input line 485.
 (/opt/homebrew/Cellar/texlive/20250308_1/share/texmf-dist/tex/latex/latexconfig/epstopdf-sys.cfg
File: epstopdf-sys.cfg 2010/07/13 v1.3 Configuration of (r)epstopdf for TeX Live
))
Package hyperref Info: Link coloring ON on input line 261.
 (./seminar_vorlage.out) (./seminar_vorlage.out)
\@outlinefile=\write5
\openout5 = `seminar_vorlage.out'.

Package soulpos Info: Loading soulutf8 on input line 261.
 (/opt/homebrew/Cellar/texlive/20250308_1/share/texmf-dist/tex/generic/soul/soulutf8.sty
Package: soulutf8 2023-06-14 v3.1 Permit use of UTF-8 characters in soul (HO)


Package soulutf8 Warning: This package is obsolete,
(soulutf8)                use the soul package directly. 
(soulutf8)                 on input line 29.

) (/opt/homebrew/Cellar/texlive/20250308_1/share/texmf-dist/tex/generic/soul/soul.sty
Package: soul 2023-06-14 v3.1 Permit use of UTF-8 characters in soul (HO)
 (/opt/homebrew/Cellar/texlive/20250308_1/share/texmf-dist/tex/generic/soul/soul-ori.sty
Package: soul-ori 2023-06-14 v3.1 letterspacing/underlining (mf)
\SOUL@word=\toks53
\SOUL@lasttoken=\toks54
\SOUL@syllable=\toks55
\SOUL@cmds=\toks56
\SOUL@buffer=\toks57
\SOUL@token=\toks58
\SOUL@syllgoal=\dimen327
\SOUL@syllwidth=\dimen328
\SOUL@charkern=\dimen329
\SOUL@hyphkern=\dimen330
\SOUL@dimen=\dimen331
\SOUL@dimeni=\dimen332
\SOUL@minus=\count397
\SOUL@comma=\count398
\SOUL@apo=\count399
\SOUL@grave=\count400
\SOUL@spaceskip=\skip94
\SOUL@ttwidth=\dimen333
\SOUL@uldp=\dimen334
\SOUL@ulht=\dimen335
)) (/opt/homebrew/Cellar/texlive/20250308_1/share/texmf-dist/tex/latex/translations/translations-basic-dictionary-german.trsl
File: translations-basic-dictionary-german.trsl (german translation file `translations-basic-dictionary')
)
Package translations Info: loading dictionary `translations-basic-dictionary' for `german'. on input line 261.
Package caption Info: Begin \AtBeginDocument code.
Package caption Info: float package is loaded.
Package caption Info: listings package is loaded.
Package caption Info: longtable package is loaded.
 (/opt/homebrew/Cellar/texlive/20250308_1/share/texmf-dist/tex/latex/caption/ltcaption.sty
Package: ltcaption 2021/01/08 v1.4c longtable captions (AR)
)
Package caption Info: End \AtBeginDocument code.
\c@lstlisting=\count401
LaTeX Info: Redefining \microtypecontext on input line 261.
Package microtype Info: Applying patch `item' on input line 261.
Package microtype Info: Applying patch `toc' on input line 261.
Package microtype Info: Applying patch `eqnum' on input line 261.
Package microtype Info: Applying patch `footnote' on input line 261.
Package microtype Info: Applying patch `verbatim' on input line 261.
LaTeX Info: Redefining \microtypesetup on input line 261.
Package microtype Info: Generating PDF output.
Package microtype Info: Character protrusion enabled (level 2),
(microtype)             factor: 1100.
Package microtype Info: Using default protrusion set `alltext'.
Package microtype Info: Automatic font expansion enabled (level 2),
(microtype)             stretch: 10, shrink: 10, step: 1, non-selected.
Package microtype Info: Using default expansion set `alltext-nott'.
LaTeX Info: Redefining \showhyphens on input line 261.
Package microtype Info: Tracking enabled.
Package microtype Info: Using default tracking set `smallcaps'.
Package microtype Info: Adjustment of interword spacing enabled.
Package microtype Info: Using default spacing set `alltext-nott'.
Package microtype Info: Adjustment of character kerning enabled.
Package microtype Info: Using default kerning set `alltext'.
 (/opt/homebrew/Cellar/texlive/20250308_1/share/texmf-dist/tex/latex/microtype/mt-cmr.cfg
File: mt-cmr.cfg 2013/05/19 v2.2 microtype config. file: Computer Modern Roman (RS)
)
Package epstopdf Info: Source file: <header_hwr.eps>
(epstopdf)                    date: 2025-07-29 14:39:29
(epstopdf)                    size: 132950 bytes
(epstopdf)             Output file: <header_hwr-eps-converted-to.pdf>
(epstopdf)                    date: 2025-07-29 14:39:29
(epstopdf)                    size: 50266 bytes
(epstopdf)             Command: <repstopdf --outfile=header_hwr-eps-converted-to.pdf header_hwr.eps>
(epstopdf)             \includegraphics on input line 263.
Package epstopdf Info: Output file is already uptodate.
<header_hwr-eps-converted-to.pdf, id=248, 512.91624pt x 49.18375pt>
File: header_hwr-eps-converted-to.pdf Graphic file (type pdf)
<use header_hwr-eps-converted-to.pdf>
Package pdftex.def Info: header_hwr-eps-converted-to.pdf  used on input line 263.
(pdftex.def)             Requested size: 512.915pt x 49.18361pt.


[1

\openout3 = `seminar_vorlage.upa'.

{/opt/homebrew/Cellar/texlive/20250308_1/share/texmf-dist/fonts/map/pdftex/updmap/pdftex.map}{/opt/homebrew/Cellar/texlive/20250308_1/share/texmf-dist/fonts/enc/dvips/lm/lm-ec.enc} <./header_hwr-eps-converted-to.pdf>]
\openout2 = `chapters/abstract.aux'.

 (./chapters/abstract.tex

[2

]) (./seminar_vorlage.toc
LaTeX Font Info:    Trying to load font information for OT1+lmr on input line 5.
 (/opt/homebrew/Cellar/texlive/20250308_1/share/texmf-dist/tex/latex/lm/ot1lmr.fd
File: ot1lmr.fd 2015/05/01 v1.6.1 Font defs for Latin Modern
)
LaTeX Font Info:    Trying to load font information for OML+lmm on input line 5.
 (/opt/homebrew/Cellar/texlive/20250308_1/share/texmf-dist/tex/latex/lm/omllmm.fd
File: omllmm.fd 2015/05/01 v1.6.1 Font defs for Latin Modern
)
LaTeX Font Info:    Trying to load font information for OMS+lmsy on input line 5.
 (/opt/homebrew/Cellar/texlive/20250308_1/share/texmf-dist/tex/latex/lm/omslmsy.fd
File: omslmsy.fd 2015/05/01 v1.6.1 Font defs for Latin Modern
)
LaTeX Font Info:    Trying to load font information for OMX+lmex on input line 5.
 (/opt/homebrew/Cellar/texlive/20250308_1/share/texmf-dist/tex/latex/lm/omxlmex.fd
File: omxlmex.fd 2015/05/01 v1.6.1 Font defs for Latin Modern
)
LaTeX Font Info:    External font `lmex10' loaded for size
(Font)              <10.95> on input line 5.
LaTeX Font Info:    External font `lmex10' loaded for size
(Font)              <8> on input line 5.
LaTeX Font Info:    External font `lmex10' loaded for size
(Font)              <6> on input line 5.
LaTeX Font Info:    Trying to load font information for U+msa on input line 5.
 (/opt/homebrew/Cellar/texlive/20250308_1/share/texmf-dist/tex/latex/amsfonts/umsa.fd
File: umsa.fd 2013/01/14 v3.01 AMS symbols A
) (/opt/homebrew/Cellar/texlive/20250308_1/share/texmf-dist/tex/latex/microtype/mt-msa.cfg
File: mt-msa.cfg 2006/02/04 v1.1 microtype config. file: AMS symbols (a) (RS)
)
LaTeX Font Info:    Trying to load font information for U+msb on input line 5.
 (/opt/homebrew/Cellar/texlive/20250308_1/share/texmf-dist/tex/latex/amsfonts/umsb.fd
File: umsb.fd 2013/01/14 v3.01 AMS symbols B
) (/opt/homebrew/Cellar/texlive/20250308_1/share/texmf-dist/tex/latex/microtype/mt-msb.cfg
File: mt-msb.cfg 2005/06/01 v1.0 microtype config. file: AMS symbols (b) (RS)
)

[3


])
\tf@toc=\write6
\openout6 = `seminar_vorlage.toc'.



[4]
\openout2 = `chapters/Einleitung.aux'.

 (./chapters/Einleitung.tex
LaTeX Font Info:    External font `lmex10' loaded for size
(Font)              <9> on input line 55.
LaTeX Font Info:    External font `lmex10' loaded for size
(Font)              <5> on input line 55.

Underfull \hbox (badness 10000) in paragraph at lines 49--58

 []



[5

]
LaTeX Font Info:    Trying to load font information for T1+lmtt on input line 108.
 (/opt/homebrew/Cellar/texlive/20250308_1/share/texmf-dist/tex/latex/lm/t1lmtt.fd
File: t1lmtt.fd 2015/05/01 v1.6.1 Font defs for Latin Modern
)
Package microtype Info: Loading generic protrusion settings for font family
(microtype)             `lmtt' (encoding: T1).
(microtype)             For optimal results, create family-specific settings.
(microtype)             See the microtype manual for details.


[6]

[7{/opt/homebrew/Cellar/texlive/20250308_1/share/texmf-dist/fonts/enc/dvips/lm/lm-rm.enc}]

[8{/opt/homebrew/Cellar/texlive/20250308_1/share/texmf-dist/fonts/enc/dvips/lm/lm-mathsy.enc}{/opt/homebrew/Cellar/texlive/20250308_1/share/texmf-dist/fonts/enc/dvips/lm/lm-mathit.enc}])

[9]
\openout2 = `chapters/kapitel1.aux'.


No file chapters/kapitel1.tex.
\openout2 = `chapters/kapitel2.aux'.

(./chapters/kapitel2.tex

[10






{/opt/homebrew/Cellar/texlive/20250308_1/share/texmf-dist/fonts/enc/dvips/lm/lm-mathex.enc}]
<figures/MPC_scheme_basic.svg.png, id=475, 2890.8pt x 1601.985pt>
File: figures/MPC_scheme_basic.svg.png Graphic file (type png)
<use figures/MPC_scheme_basic.svg.png>
Package pdftex.def Info: figures/MPC_scheme_basic.svg.png  used on input line 56.
(pdftex.def)             Requested size: 393.15047pt x 217.84752pt.


[11 <./figures/MPC_scheme_basic.svg.png>]

Package natbib Warning: Citation `yolo_wikipedia' on page 12 undefined on input line 87.


Package natbib Warning: Citation `image_segmentation_wikipedia' on page 12 undefined on input line 96.


Package natbib Warning: Citation `image_segmentation_wikipedia' on page 12 undefined on input line 97.



[12]
<figures/Yolo.png, id=506, 1131.22626pt x 637.38126pt>
File: figures/Yolo.png Graphic file (type png)
<use figures/Yolo.png>
Package pdftex.def Info: figures/Yolo.png  used on input line 120.
(pdftex.def)             Requested size: 393.15047pt x 221.51123pt.
)

[13 <./figures/Yolo.png>]
\openout2 = `chapters/kapitel3.aux'.

 (./chapters/kapitel3.tex

[14



] (/opt/homebrew/Cellar/texlive/20250308_1/share/texmf-dist/tex/latex/listings/lstlang1.sty
File: lstlang1.sty 2024/09/23 1.10c listings language file
) (/opt/homebrew/Cellar/texlive/20250308_1/share/texmf-dist/tex/latex/listings/lstmisc.sty
File: lstmisc.sty 2024/09/23 1.10c (Carsten Heinz)
)
Package hyperref Info: bookmark level for unknown lstlisting defaults to 0 on input line 64.
LaTeX Font Info:    Font shape `T1/lmtt/bx/n' in size <9> not available
(Font)              Font shape `T1/lmtt/b/n' tried instead on input line 72.


[15]

[16]

[17]
<figures/enu_nue.thumbnail.jpg, id=646, 401.5pt x 140.525pt>
File: figures/enu_nue.thumbnail.jpg Graphic file (type jpg)
<use figures/enu_nue.thumbnail.jpg>
Package pdftex.def Info: figures/enu_nue.thumbnail.jpg  used on input line 200.
(pdftex.def)             Requested size: 393.15047pt x 137.61276pt.


[18 <./figures/enu_nue.thumbnail.jpg>]
<figures/camera.png, id=664, 698.61pt x 304.13625pt>
File: figures/camera.png Graphic file (type png)
<use figures/camera.png>
Package pdftex.def Info: figures/camera.png  used on input line 290.
(pdftex.def)             Requested size: 393.15047pt x 171.1551pt.


[19]
<figures/querfehler.png, id=678, 638.385pt x 360.34625pt>
File: figures/querfehler.png Graphic file (type png)
<use figures/querfehler.png>
Package pdftex.def Info: figures/querfehler.png  used on input line 326.
(pdftex.def)             Requested size: 393.15047pt x 221.92229pt.


[20 <./figures/camera.png>]

[21 <./figures/querfehler.png>]
<figures/Sensor.png, id=696, 1321.93875pt x 337.26pt>
File: figures/Sensor.png Graphic file (type png)
<use figures/Sensor.png>
Package pdftex.def Info: figures/Sensor.png  used on input line 376.
(pdftex.def)             Requested size: 491.43622pt x 125.37605pt.
LaTeX Font Info:    Trying to load font information for TS1+lmr on input line 417.
 (/opt/homebrew/Cellar/texlive/20250308_1/share/texmf-dist/tex/latex/lm/ts1lmr.fd
File: ts1lmr.fd 2015/05/01 v1.6.1 Font defs for Latin Modern
)

[22 <./figures/Sensor.png>]
<figures/rotational_motor.png, id=703, 432.61626pt x 266.9975pt>
File: figures/rotational_motor.png Graphic file (type png)
<use figures/rotational_motor.png>
Package pdftex.def Info: figures/rotational_motor.png  used on input line 439.
(pdftex.def)             Requested size: 294.86472pt x 181.98773pt.


[23{/opt/homebrew/Cellar/texlive/20250308_1/share/texmf-dist/fonts/enc/dvips/lm/lm-ts1.enc} <./figures/rotational_motor.png>]

[24]
Underfull \hbox (badness 1412) in paragraph at lines 535--542
[]\T1/lmr/m/n/10.95 (+10) Bereits w�h-rend der In-itia-li-sie-rung wer-den die Mo-to-ren kon-fi-gu-riert, Lis-ting [][]3[][] zeigt, wie der
 []



[25]
<figures/controller_synchronization.png, id=732, 481.8pt x 903.375pt>
File: figures/controller_synchronization.png Graphic file (type png)
<use figures/controller_synchronization.png>
Package pdftex.def Info: figures/controller_synchronization.png  used on input line 630.
(pdftex.def)             Requested size: 245.71811pt x 460.71516pt.


[26]
Overfull \hbox (1.49059pt too wide) in paragraph at lines 635--640
[][]\T1/lmr/m/n/10.95 (-10) Aktuatorbefehle (z.B. \T1/lmtt/m/n/10.95 wb_motor_set_position()
 []


Underfull \hbox (badness 3138) in paragraph at lines 635--640
\T1/lmr/m/n/10.95 (+10) n�chs-ten Step-Synchronisationspunkt. Eben-so
 []


Underfull \hbox (badness 5022) in paragraph at lines 635--640
\T1/lmr/m/n/10.95 (+10) Schritt[]f�r[]Schritt[] Aus-f�h-rungs-mo-dell er-leich-
 []


Underfull \hbox (badness 1852) in paragraph at lines 641--646
[]\T1/lmr/m/n/10.95 (+10) Da f�r das selbst-ba-lan-cie-ren-de Fahr-rad zwei
 []


Underfull \hbox (badness 2073) in paragraph at lines 647--655
\T1/lmr/m/n/10.95 (+10) (al-le 2ms) als auch der lang-sa-me-re Python-
 []



[27 <./figures/controller_synchronization.png>]

[28

])

[29]
\openout2 = `chapters/kapitel4.aux'.

 (./chapters/kapitel4.tex

[30



]

[31]
Underfull \hbox (badness 1158) in paragraph at lines 114--118
[]\T1/lmr/m/n/10.95 (+10) Die Por-tie-rung de-mons-triert, wie Hardware-spezifische Kom-ple-xi-t�-ten (Multi-Threading, Sensor-
 []



[32] (/opt/homebrew/Cellar/texlive/20250308_1/share/texmf-dist/tex/latex/listings/lstlang1.sty
File: lstlang1.sty 2024/09/23 1.10c listings language file
)
Underfull \hbox (badness 3000) in paragraph at lines 200--203
[]\T1/lmr/m/n/10.95 (+10) Anstelle von Gi-rays kom-ple-xer Spline-Interpolation aus Bild-punk-ten ver-wen-det die Webots-
 []



[33]

[34]
Overfull \hbox (1.81264pt too wide) in paragraph at lines 352--352
 []\T1/lmr/m/n/9 (-10) (Pfaderkennung) 
 []



[35]
<figures/Yolo_Snapshot.png, id=937, 644.4075pt x 356.33125pt>
File: figures/Yolo_Snapshot.png Graphic file (type png)
<use figures/Yolo_Snapshot.png>
Package pdftex.def Info: figures/Yolo_Snapshot.png  used on input line 413.
(pdftex.def)             Requested size: 393.15047pt x 217.40523pt.


[36 <./figures/Yolo_Snapshot.png>]

[37]
<figures/Fallback_snapshot.png, id=957, 1281.78876pt x 359.3425pt>
File: figures/Fallback_snapshot.png Graphic file (type png)
<use figures/Fallback_snapshot.png>
Package pdftex.def Info: figures/Fallback_snapshot.png  used on input line 481.
(pdftex.def)             Requested size: 491.43622pt x 137.76881pt.


[38 <./figures/Fallback_snapshot.png>])

[39]

[40]
\openout2 = `chapters/kapitel5.aux'.

 (./chapters/kapitel5.tex

[41



]
Overfull \hbox (3.04842pt too wide) in paragraph at lines 92--97
[]\T1/lmr/bx/n/10.95 (-10) Gelenk- und Rei-bungs-pa-ra-me-ter: \T1/lmr/m/n/10.95 (-10) Die \T1/lmtt/m/n/10.95 HingeJoint\T1/lmr/m/n/10.95 (-10) -Verbindungen ver-wen-den \T1/lmtt/m/n/10.95 jointParameters
 []



[42]

[43]
Underfull \hbox (badness 5022) in paragraph at lines 140--142
[]\T1/lmr/bx/n/10.95 (+10) Positionen\T1/lmr/m/n/10.95 (+10) : Welt-ko-or-di-na-ten (\T1/lmtt/m/n/10.95 pos_x\T1/lmr/m/n/10.95 (+10) , \T1/lmtt/m/n/10.95 pos_y\T1/lmr/m/n/10.95 (+10) , \T1/lmtt/m/n/10.95 pos_z\T1/lmr/m/n/10.95 (+10) ) in Me-tern re-la-tiv zum Webots-
 []



[44]
<figures/Kurve.jpeg, id=1008, 4015.0pt x 4015.0pt>
File: figures/Kurve.jpeg Graphic file (type jpg)
<use figures/Kurve.jpeg>
Package pdftex.def Info: figures/Kurve.jpeg  used on input line 169.
(pdftex.def)             Requested size: 196.57149pt x 196.53455pt.
<figures/Kurve/Test P und PID/P/Daten.png, id=1012, 1329.96875pt x 349.305pt>
File: figures/Kurve/Test P und PID/P/Daten.png Graphic file (type png)
<use figures/Kurve/Test P und PID/P/Daten.png>
Package pdftex.def Info: figures/Kurve/Test P und PID/P/Daten.png  used on input line 197.
(pdftex.def)             Requested size: 491.43622pt x 129.07027pt.
<figures/Kurve/Test P und PID/P/Error.png, id=1013, 1774.63pt x 396.48125pt>
File: figures/Kurve/Test P und PID/P/Error.png Graphic file (type png)
<use figures/Kurve/Test P und PID/P/Error.png>
Package pdftex.def Info: figures/Kurve/Test P und PID/P/Error.png  used on input line 213.
(pdftex.def)             Requested size: 491.43622pt x 109.79192pt.


[45 <./figures/Kurve.jpeg> <./figures/Kurve/Test P und PID/P/Daten.png>]
<figures/Kurve/Test P und PID/P/Strecke.png, id=1024, 564.1075pt x 564.1075pt>
File: figures/Kurve/Test P und PID/P/Strecke.png Graphic file (type png)
<use figures/Kurve/Test P und PID/P/Strecke.png>
Package pdftex.def Info: figures/Kurve/Test P und PID/P/Strecke.png  used on input line 224.
(pdftex.def)             Requested size: 196.57149pt x 196.57121pt.
<figures/Kurve/Test P und PID/YOLO PID/Daten.png, id=1026, 1319.93124pt x 348.30125pt>
File: figures/Kurve/Test P und PID/YOLO PID/Daten.png Graphic file (type png)
<use figures/Kurve/Test P und PID/YOLO PID/Daten.png>
Package pdftex.def Info: figures/Kurve/Test P und PID/YOLO PID/Daten.png  used on input line 248.
(pdftex.def)             Requested size: 491.43622pt x 129.67726pt.


[46 <./figures/Kurve/Test P und PID/P/Error.png> <./figures/Kurve/Test P und PID/P/Strecke.png>]
<figures/Kurve/Test P und PID/YOLO PID/Error.png, id=1034, 1768.6075pt x 405.515pt>
File: figures/Kurve/Test P und PID/YOLO PID/Error.png Graphic file (type png)
<use figures/Kurve/Test P und PID/YOLO PID/Error.png>
Package pdftex.def Info: figures/Kurve/Test P und PID/YOLO PID/Error.png  used on input line 260.
(pdftex.def)             Requested size: 491.43622pt x 112.67714pt.
<figures/Kurve/Test P und PID/YOLO PID/Strecke.png, id=1035, 564.1075pt x 565.11125pt>
File: figures/Kurve/Test P und PID/YOLO PID/Strecke.png Graphic file (type png)
<use figures/Kurve/Test P und PID/YOLO PID/Strecke.png>
Package pdftex.def Info: figures/Kurve/Test P und PID/YOLO PID/Strecke.png  used on input line 268.
(pdftex.def)             Requested size: 196.57149pt x 196.92097pt.

Underfull \hbox (badness 3323) in paragraph at lines 269--269
[]\T1/lmr/m/n/10.95 (+10) Abbildung 19: |Ge-fah-re-ne Tra-jek-to-rie
 []



[47 <./figures/Kurve/Test P und PID/YOLO PID/Daten.png> <./figures/Kurve/Test P und PID/YOLO PID/Error.png> <./figures/Kurve/Test P und PID/YOLO PID/Strecke.png>]
<figures/Kurve/Test P und PID/YOLO PID/Strecke gut.png, id=1049, 961.5925pt x 538.01pt>
File: figures/Kurve/Test P und PID/YOLO PID/Strecke gut.png Graphic file (type png)
<use figures/Kurve/Test P und PID/YOLO PID/Strecke gut.png>
Package pdftex.def Info: figures/Kurve/Test P und PID/YOLO PID/Strecke gut.png  used on input line 293.
(pdftex.def)             Requested size: 235.88728pt x 131.97368pt.
<figures/Kurve/Test P und PID/YOLO PID/Stecke schlecht.png, id=1050, 961.5925pt x 540.0175pt>
File: figures/Kurve/Test P und PID/YOLO PID/Stecke schlecht.png Graphic file (type png)
<use figures/Kurve/Test P und PID/YOLO PID/Stecke schlecht.png>
Package pdftex.def Info: figures/Kurve/Test P und PID/YOLO PID/Stecke schlecht.png  used on input line 297.
(pdftex.def)             Requested size: 235.88728pt x 132.46613pt.
<figures/Kurve/Test P und PID/PID/Daten.png, id=1052, 1326.9575pt x 347.2975pt>
File: figures/Kurve/Test P und PID/PID/Daten.png Graphic file (type png)
<use figures/Kurve/Test P und PID/PID/Daten.png>
Package pdftex.def Info: figures/Kurve/Test P und PID/PID/Daten.png  used on input line 314.
(pdftex.def)             Requested size: 491.43622pt x 128.61993pt.


[48 <./figures/Kurve/Test P und PID/YOLO PID/Strecke gut.png> <./figures/Kurve/Test P und PID/YOLO PID/Stecke schlecht.png> <./figures/Kurve/Test P und PID/PID/Daten.png>]
<figures/Kurve/Test P und PID/PID/Error.png, id=1065, 1773.62625pt x 401.5pt>
File: figures/Kurve/Test P und PID/PID/Error.png Graphic file (type png)
<use figures/Kurve/Test P und PID/PID/Error.png>
Package pdftex.def Info: figures/Kurve/Test P und PID/PID/Error.png  used on input line 331.
(pdftex.def)             Requested size: 491.43622pt x 111.24908pt.
<figures/Kurve/Test P und PID/PID/Strecke.png, id=1066, 565.11125pt x 562.1pt>
File: figures/Kurve/Test P und PID/PID/Strecke.png Graphic file (type png)
<use figures/Kurve/Test P und PID/PID/Strecke.png>
Package pdftex.def Info: figures/Kurve/Test P und PID/PID/Strecke.png  used on input line 339.
(pdftex.def)             Requested size: 196.57149pt x 195.52002pt.

Underfull \hbox (badness 3323) in paragraph at lines 340--340
[]\T1/lmr/m/n/10.95 (+10) Abbildung 23: |Ge-fah-re-ne Tra-jek-to-rie
 []



[49 <./figures/Kurve/Test P und PID/PID/Error.png> <./figures/Kurve/Test P und PID/PID/Strecke.png>]
<figures/S-Kurve.png, id=1078, 1535.7375pt x 490.83376pt>
File: figures/S-Kurve.png Graphic file (type png)
<use figures/S-Kurve.png>
Package pdftex.def Info: figures/S-Kurve.png  used on input line 384.
(pdftex.def)             Requested size: 491.43622pt x 157.06252pt.
<figures/S-Kurve/YOLO/Strecke.png, id=1081, 831.105pt x 232.87pt>
File: figures/S-Kurve/YOLO/Strecke.png Graphic file (type png)
<use figures/S-Kurve/YOLO/Strecke.png>
Package pdftex.def Info: figures/S-Kurve/YOLO/Strecke.png  used on input line 411.
(pdftex.def)             Requested size: 491.43622pt x 137.69768pt.


[50 <./figures/S-Kurve.png>]
<figures/S-Kurve/YOLO/Daten.png, id=1090, 2360.82pt x 554.07pt>
File: figures/S-Kurve/YOLO/Daten.png Graphic file (type png)
<use figures/S-Kurve/YOLO/Daten.png>
Package pdftex.def Info: figures/S-Kurve/YOLO/Daten.png  used on input line 430.
(pdftex.def)             Requested size: 491.43622pt x 115.33514pt.

Underfull \hbox (badness 1521) in paragraph at lines 435--439
[]\T1/lmr/m/n/10.95 (+10) Der Feh-ler-plot in [][]Fi-gu-re 27[][][] be-st�-tigt dies. Der vi-si-on-ba-sier-te Quer-feh-ler $[]$ ist im In-ter-vall
 []

<figures/S-Kurve/YOLO/Error.png, id=1092, 1762.585pt x 399.4925pt>
File: figures/S-Kurve/YOLO/Error.png Graphic file (type png)
<use figures/S-Kurve/YOLO/Error.png>
Package pdftex.def Info: figures/S-Kurve/YOLO/Error.png  used on input line 447.
(pdftex.def)             Requested size: 491.43622pt x 111.38165pt.


[51 <./figures/S-Kurve/YOLO/Strecke.png> <./figures/S-Kurve/YOLO/Daten.png>]
<figures/S-Kurve/Fallback/Strecke.png, id=1108, 835.12pt x 220.825pt>
File: figures/S-Kurve/Fallback/Strecke.png Graphic file (type png)
<use figures/S-Kurve/Fallback/Strecke.png>
Package pdftex.def Info: figures/S-Kurve/Fallback/Strecke.png  used on input line 472.
(pdftex.def)             Requested size: 491.43622pt x 129.94865pt.


[52 <./figures/S-Kurve/YOLO/Error.png> <./figures/S-Kurve/Fallback/Strecke.png>]
<figures/S-Kurve/Fallback/Daten.png, id=1118, 2362.8275pt x 553.06625pt>
File: figures/S-Kurve/Fallback/Daten.png Graphic file (type png)
<use figures/S-Kurve/Fallback/Daten.png>
Package pdftex.def Info: figures/S-Kurve/Fallback/Daten.png  used on input line 490.
(pdftex.def)             Requested size: 491.43622pt x 115.02493pt.
<figures/S-Kurve/Fallback/Error.png, id=1120, 1759.57375pt x 401.5pt>
File: figures/S-Kurve/Fallback/Error.png Graphic file (type png)
<use figures/S-Kurve/Fallback/Error.png>
Package pdftex.def Info: figures/S-Kurve/Fallback/Error.png  used on input line 506.
(pdftex.def)             Requested size: 491.43622pt x 112.13129pt.


[53 <./figures/S-Kurve/Fallback/Daten.png> <./figures/S-Kurve/Fallback/Error.png>]
Underfull \hbox (badness 1661) in paragraph at lines 551--561
[]\T1/lmr/m/n/10.95 (+10) Das An-str�m-feld ist sta-tio-n�r und ho-mo-gen mit Wind-ge-schwin-dig-kei-ten $\OML/lmm/m/it/10.95 v[] \OMS/lmsy/m/n/10.95 2 f\OT1/lmr/m/n/10.95 (+10) 0[]5\OML/lmm/m/it/10.95 ; \OT1/lmr/m/n/10.95 (+10) 1[]0\OMS/lmsy/m/n/10.95 g []$
 []


Underfull \hbox (badness 1199) in paragraph at lines 551--561
\T1/lmr/m/n/10.95 (+10) in den Aus-wer-tun-gen. Die ae-ro-dy-na-mi-sche Kopp-lung er-folgt �ber We-bots' \T1/lmtt/m/n/10.95 Fluid\T1/lmr/m/n/10.95 (+10) -System mit
 []

<figures/Wind/Wind/Strecke.png, id=1129, 1418.29875pt x 855.195pt>
File: figures/Wind/Wind/Strecke.png Graphic file (type png)
<use figures/Wind/Wind/Strecke.png>
Package pdftex.def Info: figures/Wind/Wind/Strecke.png  used on input line 574.
(pdftex.def)             Requested size: 491.43622pt x 296.32143pt.


[54]
<figures/Wind/Wind/Strecke_1.png, id=1136, 643.40375pt x 134.5025pt>
File: figures/Wind/Wind/Strecke_1.png Graphic file (type png)
<use figures/Wind/Wind/Strecke_1.png>
Package pdftex.def Info: figures/Wind/Wind/Strecke_1.png  used on input line 588.
(pdftex.def)             Requested size: 491.43622pt x 102.73808pt.


[55 <./figures/Wind/Wind/Strecke.png> <./figures/Wind/Wind/Strecke_1.png>]
<figures/Wind/Wind/Daten.png, id=1148, 1764.5925pt x 407.5225pt>
File: figures/Wind/Wind/Daten.png Graphic file (type png)
<use figures/Wind/Wind/Daten.png>
Package pdftex.def Info: figures/Wind/Wind/Daten.png  used on input line 602.
(pdftex.def)             Requested size: 491.43622pt x 113.4899pt.
<figures/Wind/Wind/Strecke_2.png, id=1151, 644.4075pt x 148.555pt>
File: figures/Wind/Wind/Strecke_2.png Graphic file (type png)
<use figures/Wind/Wind/Strecke_2.png>
Package pdftex.def Info: figures/Wind/Wind/Strecke_2.png  used on input line 623.
(pdftex.def)             Requested size: 491.43622pt x 113.2951pt.
<figures/Wind/Wind/Daten_2.png, id=1152, 1798.72pt x 409.53pt>
File: figures/Wind/Wind/Daten_2.png Graphic file (type png)
<use figures/Wind/Wind/Daten_2.png>
Package pdftex.def Info: figures/Wind/Wind/Daten_2.png  used on input line 631.
(pdftex.def)             Requested size: 491.43622pt x 111.88684pt.


[56 <./figures/Wind/Wind/Daten.png> <./figures/Wind/Wind/Strecke_2.png>]
<figures/Wind/Wind/Strecke_3.png, id=1164, 559.59062pt x 167.12437pt>
File: figures/Wind/Wind/Strecke_3.png Graphic file (type png)
<use figures/Wind/Wind/Strecke_3.png>
Package pdftex.def Info: figures/Wind/Wind/Strecke_3.png  used on input line 656.
(pdftex.def)             Requested size: 491.43622pt x 146.77663pt.
<figures/Wind/Wind/Daten_3.png, id=1165, 1307.88625pt x 347.2975pt>
File: figures/Wind/Wind/Daten_3.png Graphic file (type png)
<use figures/Wind/Wind/Daten_3.png>
Package pdftex.def Info: figures/Wind/Wind/Daten_3.png  used on input line 664.
(pdftex.def)             Requested size: 491.43622pt x 130.4959pt.


[57 <./figures/Wind/Wind/Daten_2.png> <./figures/Wind/Wind/Strecke_3.png>]

[58 <./figures/Wind/Wind/Daten_3.png>]
<figures/Huegel.png, id=1182, 1116.17pt x 887.315pt>
File: figures/Huegel.png Graphic file (type png)
<use figures/Huegel.png>
Package pdftex.def Info: figures/Huegel.png  used on input line 734.
(pdftex.def)             Requested size: 235.88728pt x 187.51956pt.
<figures/Tunnel.png, id=1183, 1114.1625pt x 891.33pt>
File: figures/Tunnel.png Graphic file (type png)
<use figures/Tunnel.png>
Package pdftex.def Info: figures/Tunnel.png  used on input line 738.
(pdftex.def)             Requested size: 235.88728pt x 188.70808pt.
<figures/Höhe/-1/Strecke.png, id=1186, 560.59438pt x 127.97812pt>
File: figures/Höhe/-1/Strecke.png Graphic file (type png)
<use figures/Höhe/-1/Strecke.png>
Package pdftex.def Info: figures/Höhe/-1/Strecke.png  used on input line 761.
(pdftex.def)             Requested size: 491.43622pt x 112.19537pt.


[59 <./figures/Huegel.png> <./figures/Tunnel.png>]
<figures/Höhe/-1/Daten.png, id=1197, 1314.9125pt x 347.2975pt>
File: figures/Höhe/-1/Daten.png Graphic file (type png)
<use figures/Höhe/-1/Daten.png>
Package pdftex.def Info: figures/Höhe/-1/Daten.png  used on input line 768.
(pdftex.def)             Requested size: 491.43622pt x 129.79639pt.
<figures/Höhe/-2/Strecke.png, id=1200, 564.1075pt x 185.19188pt>
File: figures/Höhe/-2/Strecke.png Graphic file (type png)
<use figures/Höhe/-2/Strecke.png>
Package pdftex.def Info: figures/Höhe/-2/Strecke.png  used on input line 781.
(pdftex.def)             Requested size: 491.43622pt x 161.33603pt.
<figures/Höhe/-2/Daten.png, id=1201, 1322.9425pt x 352.31625pt>
File: figures/Höhe/-2/Daten.png Graphic file (type png)
<use figures/Höhe/-2/Daten.png>
Package pdftex.def Info: figures/Höhe/-2/Daten.png  used on input line 788.
(pdftex.def)             Requested size: 491.43622pt x 130.87105pt.


[60 <./figures/Höhe/-1/Strecke.png> <./figures/Höhe/-1/Daten.png> <./figures/Höhe/-2/Strecke.png>]
<figures/Höhe/-2PID/Strecke.png, id=1215, 565.11125pt x 145.54375pt>
File: figures/Höhe/-2PID/Strecke.png Graphic file (type png)
<use figures/Höhe/-2PID/Strecke.png>
Package pdftex.def Info: figures/Höhe/-2PID/Strecke.png  used on input line 811.
(pdftex.def)             Requested size: 491.43622pt x 126.57094pt.
<figures/Höhe/-2PID/Daten.png, id=1216, 1328.965pt x 342.27875pt>
File: figures/Höhe/-2PID/Daten.png Graphic file (type png)
<use figures/Höhe/-2PID/Daten.png>
Package pdftex.def Info: figures/Höhe/-2PID/Daten.png  used on input line 818.
(pdftex.def)             Requested size: 491.43622pt x 126.56802pt.


[61 <./figures/Höhe/-2/Daten.png> <./figures/Höhe/-2PID/Strecke.png>]
<figures/Höhe/+2/Strecke.png, id=1227, 568.1225pt x 163.61125pt>
File: figures/Höhe/+2/Strecke.png Graphic file (type png)
<use figures/Höhe/+2/Strecke.png>
Package pdftex.def Info: figures/Höhe/+2/Strecke.png  used on input line 838.
(pdftex.def)             Requested size: 491.43622pt x 141.53175pt.
<figures/Höhe/+2/Daten.png, id=1230, 1313.90875pt x 345.29pt>
File: figures/Höhe/+2/Daten.png Graphic file (type png)
<use figures/Höhe/+2/Daten.png>
Package pdftex.def Info: figures/Höhe/+2/Daten.png  used on input line 855.
(pdftex.def)             Requested size: 491.43622pt x 129.14622pt.


[62 <./figures/Höhe/-2PID/Daten.png> <./figures/Höhe/+2/Strecke.png>]
<figures/Höhe/+4 /Strecke.png, id=1240, 565.11125pt x 217.31187pt>
File: figures/Höhe/+4 /Strecke.png Graphic file (type png)
<use figures/Höhe/+4 /Strecke.png>
Package pdftex.def Info: figures/Höhe/+4 /Strecke.png  used on input line 870.
(pdftex.def)             Requested size: 491.43622pt x 188.98352pt.
<figures/Höhe/+4 /Daten.png, id=1242, 1329.96875pt x 345.29pt>
File: figures/Höhe/+4 /Daten.png Graphic file (type png)
<use figures/Höhe/+4 /Daten.png>
Package pdftex.def Info: figures/Höhe/+4 /Daten.png  used on input line 884.
(pdftex.def)             Requested size: 491.43622pt x 127.58669pt.


[63 <./figures/Höhe/+2/Daten.png> <./figures/Höhe/+4 /Strecke.png>]

[64 <./figures/Höhe/+4 /Daten.png>]

[65]

[66]

[67]
Underfull \hbox (badness 5302) in paragraph at lines 1072--1078
\T1/lmr/m/n/10.95 (+10) Zyklus er-reicht durch-schnitt-lich 138.94ms \TS1/lmr/m/n/10.95 (+10) �
 []



[68]
Underfull \hbox (badness 6625) in paragraph at lines 1165--1167
[]\T1/lmr/bx/n/10.95 (+10) Hybride Zwei-System-Architektur: \T1/lmr/m/n/10.95 (+10) Auf-bau-end auf Zan-ders be-w�hr-ter BeagleBone-
 []



[69])

[70]
\openout2 = `chapters/kapitel6.aux'.

 (./chapters/kapitel6.tex

[71



]
Package hyperref Info: bookmark level for unknown lpcsec defaults to 0 on input line 58.


[72])

[73]
\openout2 = `chapters/kapitel7.aux'.

 (./chapters/kapitel7.tex

[74



])

[75]
\openout2 = `chapters/kapitel8.aux'.

 (./chapters/kapitel8.tex

[76



]
Underfull \hbox (badness 5431) in paragraph at lines 68--72
[]\T1/lmr/m/n/10.95 (+10) Die ver-ein-fach-te ODE-basierte Phy-sik-mo-del-lie-rung ver-nach-l�ssigt kom-ple-xe Reifen-Fahrbahn-
 []



[77])

[78] (./seminar_vorlage.lof

[79


])
\tf@lof=\write7
\openout7 = `seminar_vorlage.lof'.



[80] (./seminar_vorlage.lol)
\tf@lol=\write8
\openout8 = `seminar_vorlage.lol'.



[81] (./seminar_vorlage.bbl
Underfull \hbox (badness 2970) in paragraph at lines 10--11
[]\T1/lmr/m/n/10.95 (+10) Bosch Sen-sor-tec (2020), `Bno055 in-tel-li-gent 9-axis ab-so-lu-te ori-en-ta-ti-on sen-sor', [][]$\T1/lmtt/m/n/10.95 https : / / www .
 []


Underfull \hbox (badness 10000) in paragraph at lines 24--26
[]\T1/lmr/m/n/10.95 (+10) Cyberbotics Ltd. (2025\T1/lmr/m/it/10.95 (+10) a\T1/lmr/m/n/10.95 (+10) ), `Con-trol-ler pro-gram-ming', [][]$\T1/lmtt/m/n/10.95 https : / / cyberbotics . com / doc / guide /
 []



[82]
Underfull \hbox (badness 1178) in paragraph at lines 95--98
\T1/lmr/bx/n/10.95 (+10) URL: \T1/lmr/m/it/10.95 (+10) https://openmmlab.medium.com/dive-into-yolov8-how-does-this-state-of-the-art-model-work-
 []



[83])

[84] (./chapters/anlagen.tex

[85])

Package natbib Warning: There were undefined citations.



[86] (./seminar_vorlage.aux (./chapters/abstract.aux) (./chapters/Einleitung.aux) (./chapters/kapitel1.aux) (./chapters/kapitel2.aux) (./chapters/kapitel3.aux) (./chapters/kapitel4.aux) (./chapters/kapitel5.aux) (./chapters/kapitel6.aux) (./chapters/kapitel7.aux) (./chapters/kapitel8.aux) * soulpos - computing points - it may take a few seconds *
\openout3 = `seminar_vorlage.upb'.

 (./seminar_vorlage.upa))
 ***********
LaTeX2e <2024-11-01> patch level 2
L3 programming layer <2025-01-18>
 ***********
Package rerunfilecheck Info: File `seminar_vorlage.out' has not changed.
(rerunfilecheck)             Checksum: 7B29C4216D8F4E667DF84D1E6C695874;12890.
 ) 
Here is how much of TeX's memory you used:
 43536 strings out of 473190
 907980 string characters out of 5704335
 1802272 words of memory out of 5000000
 65151 multiletter control sequences out of 15000+600000
 667617 words of font info for 236 fonts, out of 8000000 for 9000
 1168 hyphenation exceptions out of 8191
 84i,18n,131p,1068b,2917s stack positions out of 10000i,1000n,20000p,200000b,200000s
</opt/homebrew/Cellar/texlive/20250308_1/share/texmf-dist/fonts/type1/public/lm/lmbx10.pfb></opt/homebrew/Cellar/texlive/20250308_1/share/texmf-dist/fonts/type1/public/lm/lmbx12.pfb></opt/homebrew/Cellar/texlive/20250308_1/share/texmf-dist/fonts/type1/public/lm/lmbx9.pfb></opt/homebrew/Cellar/texlive/20250308_1/share/texmf-dist/fonts/type1/public/lm/lmcsc10.pfb></opt/homebrew/Cellar/texlive/20250308_1/share/texmf-dist/fonts/type1/public/lm/lmex10.pfb></opt/homebrew/Cellar/texlive/20250308_1/share/texmf-dist/fonts/type1/public/lm/lmmi10.pfb></opt/homebrew/Cellar/texlive/20250308_1/share/texmf-dist/fonts/type1/public/lm/lmmi6.pfb></opt/homebrew/Cellar/texlive/20250308_1/share/texmf-dist/fonts/type1/public/lm/lmmi8.pfb></opt/homebrew/Cellar/texlive/20250308_1/share/texmf-dist/fonts/type1/public/lm/lmmi9.pfb></opt/homebrew/Cellar/texlive/20250308_1/share/texmf-dist/fonts/type1/public/lm/lmr10.pfb></opt/homebrew/Cellar/texlive/20250308_1/share/texmf-dist/fonts/type1/public/lm/lmr12.pfb></opt/homebrew/Cellar/texlive/20250308_1/share/texmf-dist/fonts/type1/public/lm/lmr17.pfb></opt/homebrew/Cellar/texlive/20250308_1/share/texmf-dist/fonts/type1/public/lm/lmr6.pfb></opt/homebrew/Cellar/texlive/20250308_1/share/texmf-dist/fonts/type1/public/lm/lmr8.pfb></opt/homebrew/Cellar/texlive/20250308_1/share/texmf-dist/fonts/type1/public/lm/lmr9.pfb></opt/homebrew/Cellar/texlive/20250308_1/share/texmf-dist/fonts/type1/public/lm/lmri10.pfb></opt/homebrew/Cellar/texlive/20250308_1/share/texmf-dist/fonts/type1/public/lm/lmsy10.pfb></opt/homebrew/Cellar/texlive/20250308_1/share/texmf-dist/fonts/type1/public/lm/lmsy6.pfb></opt/homebrew/Cellar/texlive/20250308_1/share/texmf-dist/fonts/type1/public/lm/lmsy8.pfb></opt/homebrew/Cellar/texlive/20250308_1/share/texmf-dist/fonts/type1/public/lm/lmsy9.pfb></opt/homebrew/Cellar/texlive/20250308_1/share/texmf-dist/fonts/type1/public/lm/lmtk10.pfb></opt/homebrew/Cellar/texlive/20250308_1/share/texmf-dist/fonts/type1/public/lm/lmtt10.pfb></opt/homebrew/Cellar/texlive/20250308_1/share/texmf-dist/fonts/type1/public/lm/lmtt8.pfb></opt/homebrew/Cellar/texlive/20250308_1/share/texmf-dist/fonts/type1/public/lm/lmtt9.pfb></opt/homebrew/Cellar/texlive/20250308_1/share/texmf-dist/fonts/type1/public/lm/lmtti10.pfb></opt/homebrew/Cellar/texlive/20250308_1/share/texmf-dist/fonts/type1/public/amsfonts/symbols/msbm10.pfb>
Output written on seminar_vorlage.pdf (86 pages, 16810036 bytes).
PDF statistics:
 1854 PDF objects out of 2073 (max. 8388607)
 1597 compressed objects within 16 object streams
 595 named destinations out of 1000 (max. 500000)
 64738 words of extra memory for PDF output out of 74296 (max. 10000000)

